[[36m2026-09-07 19:38:11,349[0m][[34mrl4co.utils.utils[0m][[32mINFO[0m] - Enforcing tags! <cfg.extras.enforce_tags=True>[0m
[[36m2026-09-07 19:38:11,355[0m][[34mrl4co.utils.utils[0m][[32mINFO[0m] - Printing config tree with Rich! <cfg.extras.print_config=True>[0m
CONFIG
├── model
│   └── _target_: parco.models.rl.PARCORLModule                                 
│       metrics:                                                                
│         train:                                                                
│         - loss                                                                
│         - reward                                                              
│         - halting_ratio                                                       
│         - pos_ratio                                                           
│         val:                                                                  
│         - reward                                                              
│         - halting_ratio                                                       
│         - pos_ratio                                                           
│         test:                                                                 
│         - reward                                                              
│         - halting_ratio                                                       
│         - pos_ratio                                                           
│         log_on_step: true                                                     
│       policy:                                                                 
│         _target_: parco.models.policy.PARCOPolicy                             
│         env_name: cvrp                                                        
│         agent_handler: highprob                                               
│         embed_dim: 128                                                        
│         norm_after: false                                                     
│         normalization: rms                                                    
│         use_final_norm: true                                                  
│         init_embedding_kwargs:                                                
│           demand_scaler: 50.0                                                 
│         parallel_gated_kwargs:                                                
│           mlp_activation: silu                                                
│         context_embedding_kwargs:                                             
│           normalization: rms                                                  
│           norm_after: false                                                   
│           use_final_norm: true                                                
│           parallel_gated_kwargs:                                              
│             mlp_activation: silu                                              
│       batch_size: 16                                                          
│       val_batch_size: 16                                                      
│       test_batch_size: 16                                                     
│       train_data_size: 100000                                                 
│       val_data_size: 10000                                                    
│       test_data_size: 10000                                                   
│       optimizer_kwargs:                                                       
│         lr: 0.0001                                                            
│         weight_decay: 0.0                                                     
│       lr_scheduler: MultiStepLR                                               
│       lr_scheduler_kwargs:                                                    
│         milestones:                                                           
│         - 80                                                                  
│         - 95                                                                  
│         gamma: 0.1                                                            
│       num_augment: 4                                                          
│       train_min_agents: 3                                                     
│       train_max_agents: 7                                                     
│       train_min_size: 50                                                      
│       train_max_size: 100                                                     
│       dataloader_num_workers: 5                                               
│                                                                               
├── callbacks
│   └── model_checkpoint:                                                       
│         _target_: lightning.pytorch.callbacks.ModelCheckpoint                 
│         dirpath: /home/athota/parco/logs/train/runs/cvrp_n100_m7/parco_cvrp/20
│         filename: epoch_{epoch:03d}                                           
│         monitor: val/reward/n50_m5                                            
│         verbose: false                                                        
│         save_last: true                                                       
│         save_top_k: 1                                                         
│         mode: max                                                             
│         auto_insert_metric_name: false                                        
│         save_weights_only: false                                              
│         every_n_train_steps: null                                             
│         train_time_interval: null                                             
│         every_n_epochs: null                                                  
│         save_on_train_epoch_end: null                                         
│       model_summary:                                                          
│         _target_: lightning.pytorch.callbacks.RichModelSummary                
│         max_depth: 5                                                          
│       rich_progress_bar:                                                      
│         _target_: lightning.pytorch.callbacks.RichProgressBar                 
│       speed_monitor:                                                          
│         _target_: rl4co.utils.callbacks.speed_monitor.SpeedMonitor            
│         intra_step_time: true                                                 
│         inter_step_time: true                                                 
│         epoch_time: true                                                      
│       learning_rate_monitor:                                                  
│         _target_: lightning.pytorch.callbacks.LearningRateMonitor             
│         logging_interval: epoch                                               
│                                                                               
├── logger
│   └── wandb:                                                                  
│         _target_: lightning.pytorch.loggers.wandb.WandbLogger                 
│         save_dir: /home/athota/parco/logs/train/runs/cvrp_n100_m7/parco_cvrp/2
│         offline: true                                                         
│         id: null                                                              
│         anonymous: null                                                       
│         project: parco-cvrp                                                   
│         log_model: false                                                      
│         prefix: ''                                                            
│         group: cvrp_n100_m7                                                   
│         tags:                                                                 
│         - parco                                                               
│         - cvrp                                                                
│         - communication                                                       
│         - homogeneous                                                         
│         job_type: ''                                                          
│         name: parco_cvrp                                                      
│                                                                               
├── trainer
│   └── _target_: rl4co.utils.trainer.RL4COTrainer                              
│       default_root_dir: /home/athota/parco/logs/train/runs/cvrp_n100_m7/parco_
│       gradient_clip_val: 1.0                                                  
│       accelerator: gpu                                                        
│       precision: 16-mixed                                                     
│       strategy:                                                               
│         _target_: lightning.pytorch.strategies.DDPStrategy                    
│         find_unused_parameters: true                                          
│         gradient_as_bucket_view: true                                         
│       check_val_every_n_epoch: 1                                              
│       deterministic: false                                                    
│       max_epochs: 100                                                         
│       accumulate_grad_batches: 8                                              
│                                                                               
├── paths
│   └── root_dir: /home/athota/parco                                            
│       data_dir: /home/athota/parco/data/                                      
│       log_dir: /home/athota/parco/logs/                                       
│       output_dir: /home/athota/parco/logs/train/runs/cvrp_n100_m7/parco_cvrp/2
│       work_dir: /home/athota/parco                                            
│                                                                               
├── extras
│   └── ignore_warnings: false                                                  
│       enforce_tags: true                                                      
│       print_config: true                                                      
│                                                                               
├── mode
│   └── train                                                                   
├── tags
│   └── ['dev']                                                                 
├── train
│   └── True                                                                    
├── test
│   └── True                                                                    
├── compile
│   └── False                                                                   
├── ckpt_path
│   └── None                                                                    
├── seed
│   └── 1234                                                                    
├── matmul_precision
│   └── medium                                                                  
├── metrics
│   └── train:                                                                  
│       - loss                                                                  
│       - reward                                                                
│       val:                                                                    
│       - reward                                                                
│       test:                                                                   
│       - reward                                                                
│       log_on_step: true                                                       
│                                                                               
├── env
│   └── _target_: parco.envs.cvrp.CVRPEnv                                       
│       name: cvrp                                                              
│       generator_params:                                                       
│         num_loc: 100                                                          
│         num_agents: 7                                                         
│         capacity: 50.0                                                        
│         speed: 1.0                                                            
│       data_dir: /home/athota/parco/data/cvrp                                  
│       val_file:                                                               
│       - n50_m3_seed24610.npz                                                  
│       - n50_m5_seed24610.npz                                                  
│       - n50_m7_seed24610.npz                                                  
│       - n100_m3_seed24610.npz                                                 
│       - n100_m5_seed24610.npz                                                 
│       - n100_m7_seed24610.npz                                                 
│       val_dataloader_names:                                                   
│       - n50_m3                                                                
│       - n50_m5                                                                
│       - n50_m7                                                                
│       - n100_m3                                                               
│       - n100_m5                                                               
│       - n100_m7                                                               
│       test_file:                                                              
│       - n50_m3_seed24610.npz                                                  
│       - n50_m5_seed24610.npz                                                  
│       - n50_m7_seed24610.npz                                                  
│       - n100_m3_seed24610.npz                                                 
│       - n100_m5_seed24610.npz                                                 
│       - n100_m7_seed24610.npz                                                 
│       - n200_m3_seed24610.npz                                                 
│       - n200_m5_seed24610.npz                                                 
│       - n200_m7_seed24610.npz                                                 
│       test_dataloader_names:                                                  
│       - n50_m3                                                                
│       - n50_m5                                                                
│       - n50_m7                                                                
│       - n100_m3                                                               
│       - n100_m5                                                               
│       - n100_m7                                                               
│       - n200_m3                                                               
│       - n200_m5                                                               
│       - n200_m7                                                               
│                                                                               
└── generator_params
    └── num_loc: 100                                                            
        num_agents: 7                                                           
                                                                                
[[36m2026-09-07 19:38:11,413[0m][[34m__main__[0m][[32mINFO[0m] - Instantiating environment <parco.envs.cvrp.CVRPEnv>[0m
[[36m2026-09-07 19:38:12,298[0m][[34m__main__[0m][[32mINFO[0m] - Instantiating model <parco.models.rl.PARCORLModule>[0m
[[36m2026-09-07 19:38:12,529[0m][[34mparco.models.policy[0m][[32mINFO[0m] - Initializing default PARCOEncoder[0m
[[36m2026-09-07 19:38:12,636[0m][[34mparco.models.policy[0m][[32mINFO[0m] - Initializing default PARCODecoder[0m
[[36m2026-09-07 19:38:13,025[0m][[34mrl4co.data.transforms[0m][[32mINFO[0m] - Features not passed, defaulting to 'locs'[0m
[[36m2026-09-07 19:38:13,025[0m][[34mrl4co.data.transforms[0m][[32mINFO[0m] - Features not passed, defaulting to 'locs'[0m
[[36m2026-09-07 19:38:13,026[0m][[34m__main__[0m][[32mINFO[0m] - Instantiating callbacks...[0m
[[36m2026-09-07 19:38:13,027[0m][[34mrl4co.utils.instantiators[0m][[32mINFO[0m] - Instantiating callback <lightning.pytorch.callbacks.ModelCheckpoint>[0m
[[36m2026-09-07 19:38:13,034[0m][[34mrl4co.utils.instantiators[0m][[32mINFO[0m] - Instantiating callback <lightning.pytorch.callbacks.RichModelSummary>[0m
[[36m2026-09-07 19:38:13,034[0m][[34mrl4co.utils.instantiators[0m][[32mINFO[0m] - Instantiating callback <lightning.pytorch.callbacks.RichProgressBar>[0m
[[36m2026-09-07 19:38:13,034[0m][[34mrl4co.utils.instantiators[0m][[32mINFO[0m] - Instantiating callback <rl4co.utils.callbacks.speed_monitor.SpeedMonitor>[0m
[[36m2026-09-07 19:38:13,037[0m][[34mrl4co.utils.instantiators[0m][[32mINFO[0m] - Instantiating callback <lightning.pytorch.callbacks.LearningRateMonitor>[0m
[[36m2026-09-07 19:38:13,037[0m][[34m__main__[0m][[32mINFO[0m] - Instantiating loggers...[0m
[[36m2026-09-07 19:38:13,037[0m][[34mrl4co.utils.instantiators[0m][[32mINFO[0m] - Instantiating logger <lightning.pytorch.loggers.wandb.WandbLogger>[0m
[[36m2026-09-07 19:38:13,041[0m][[34m__main__[0m][[32mINFO[0m] - Instantiating trainer...[0m
[[36m2026-09-07 19:38:13,077[0m][[34m__main__[0m][[32mINFO[0m] - Logging hyperparameters![0m
[[36m2026-09-07 19:38:15,170[0m][[34m__main__[0m][[32mINFO[0m] - Starting training![0m
[[36m2026-09-07 19:38:16,357[0m][[34mrl4co.models.rl.common.base[0m][[32mINFO[0m] - Setting up batch sizes for train/val/test[0m
[[36m2026-09-07 19:38:16,358[0m][[34mrl4co.models.rl.common.base[0m][[32mINFO[0m] - Setting up datasets[0m
[[36m2026-09-07 19:38:18,895[0m][[34mrl4co.envs.common.base[0m][[32mINFO[0m] - Loading val dataset from ['/home/athota/parco/data/cvrp/n50_m3_seed24610.npz', '/home/athota/parco/data/cvrp/n50_m5_seed24610.npz', '/home/athota/parco/data/cvrp/n50_m7_seed24610.npz', '/home/athota/parco/data/cvrp/n100_m3_seed24610.npz', '/home/athota/parco/data/cvrp/n100_m5_seed24610.npz', '/home/athota/parco/data/cvrp/n100_m7_seed24610.npz'][0m
[[36m2026-09-07 19:38:19,422[0m][[34mrl4co.envs.common.base[0m][[32mINFO[0m] - Loading test dataset from ['/home/athota/parco/data/cvrp/n50_m3_seed24610.npz', '/home/athota/parco/data/cvrp/n50_m5_seed24610.npz', '/home/athota/parco/data/cvrp/n50_m7_seed24610.npz', '/home/athota/parco/data/cvrp/n100_m3_seed24610.npz', '/home/athota/parco/data/cvrp/n100_m5_seed24610.npz', '/home/athota/parco/data/cvrp/n100_m7_seed24610.npz', '/home/athota/parco/data/cvrp/n200_m3_seed24610.npz', '/home/athota/parco/data/cvrp/n200_m5_seed24610.npz', '/home/athota/parco/data/cvrp/n200_m7_seed24610.npz'][0m
[[36m2026-09-07 19:38:19,727[0m][[34mrl4co.models.rl.common.base[0m][[32mINFO[0m] - Instantiating optimizer <Adam>[0m
[[36m2026-09-07 19:38:19,727[0m][[34mrl4co.models.rl.common.base[0m][[32mINFO[0m] - Instantiating LR scheduler <MultiStepLR>[0m
┏━━━━┳━━━━━━━━━━━━━━━━━━━━━━━━━━━━━━━━━━━━━━━━━━━━━━━━━━━━━━━━━┳━━━━┳━━━━━┳━━━━┓
┃    ┃ Name                                                    ┃ T… ┃ Pa… ┃ M… ┃
┡━━━━╇━━━━━━━━━━━━━━━━━━━━━━━━━━━━━━━━━━━━━━━━━━━━━━━━━━━━━━━━━╇━━━━╇━━━━━╇━━━━┩
│ 0  │ env                                                     │ C… │   0 │ t… │
│ 1  │ policy                                                  │ P… │ 1.3 │ t… │
│    │                                                         │    │   M │    │
│ 2  │ policy.encoder                                          │ P… │ 839 │ t… │
│    │                                                         │    │   K │    │
│ 3  │ policy.encoder.init_embedding                           │ C… │ 50… │ t… │
│    │                                                         │    │   K │    │
│ 4  │ policy.encoder.init_embedding.init_embed_depot          │ L… │ 256 │ t… │
│ 5  │ policy.encoder.init_embedding.pos_encoder               │ P… │   0 │ t… │
│ 6  │ policy.encoder.init_embedding.pos_embedding_proj        │ L… │ 16… │ t… │
│    │                                                         │    │   K │    │
│ 7  │ policy.encoder.init_embedding.init_embed_agents         │ L… │ 512 │ t… │
│ 8  │ policy.encoder.init_embedding.init_embed_depot_agents   │ L… │ 32… │ t… │
│    │                                                         │    │   K │    │
│ 9  │ policy.encoder.init_embedding.init_embed_clients        │ L… │ 640 │ t… │
│ 10 │ policy.encoder.layers                                   │ S… │ 788 │ t… │
│    │                                                         │    │   K │    │
│ 11 │ policy.encoder.layers.0                                 │ T… │ 262 │ t… │
│    │                                                         │    │   K │    │
│ 12 │ policy.encoder.layers.0.norm_attn                       │ N… │ 128 │ t… │
│ 13 │ policy.encoder.layers.0.attention                       │ M… │ 66… │ t… │
│    │                                                         │    │   K │    │
│ 14 │ policy.encoder.layers.0.norm_ffn                        │ N… │ 128 │ t… │
│ 15 │ policy.encoder.layers.0.ffn                             │ P… │ 196 │ t… │
│    │                                                         │    │   K │    │
│ 16 │ policy.encoder.layers.1                                 │ T… │ 262 │ t… │
│    │                                                         │    │   K │    │
│ 17 │ policy.encoder.layers.1.norm_attn                       │ N… │ 128 │ t… │
│ 18 │ policy.encoder.layers.1.attention                       │ M… │ 66… │ t… │
│    │                                                         │    │   K │    │
│ 19 │ policy.encoder.layers.1.norm_ffn                        │ N… │ 128 │ t… │
│ 20 │ policy.encoder.layers.1.ffn                             │ P… │ 196 │ t… │
│    │                                                         │    │   K │    │
│ 21 │ policy.encoder.layers.2                                 │ T… │ 262 │ t… │
│    │                                                         │    │   K │    │
│ 22 │ policy.encoder.layers.2.norm_attn                       │ N… │ 128 │ t… │
│ 23 │ policy.encoder.layers.2.attention                       │ M… │ 66… │ t… │
│    │                                                         │    │   K │    │
│ 24 │ policy.encoder.layers.2.norm_ffn                        │ N… │ 128 │ t… │
│ 25 │ policy.encoder.layers.2.ffn                             │ P… │ 196 │ t… │
│    │                                                         │    │   K │    │
│ 26 │ policy.encoder.norm                                     │ N… │ 128 │ t… │
│ 27 │ policy.encoder.norm.normalizer                          │ R… │ 128 │ t… │
│ 28 │ policy.decoder                                          │ P… │ 411 │ t… │
│    │                                                         │    │   K │    │
│ 29 │ policy.decoder.context_embedding                        │ C… │ 329 │ t… │
│    │                                                         │    │   K │    │
│ 30 │ policy.decoder.context_embedding.proj_agent_feats       │ L… │ 384 │ t… │
│ 31 │ policy.decoder.context_embedding.proj_global_feats      │ L… │ 128 │ t… │
│ 32 │ policy.decoder.context_embedding.project_context        │ L… │ 65… │ t… │
│    │                                                         │    │   K │    │
│ 33 │ policy.decoder.context_embedding.communication_layers   │ S… │ 262 │ t… │
│    │                                                         │    │   K │    │
│ 34 │ policy.decoder.context_embedding.communication_layers.0 │ T… │ 262 │ t… │
│    │                                                         │    │   K │    │
│ 35 │ policy.decoder.context_embedding.norm                   │ N… │ 128 │ t… │
│ 36 │ policy.decoder.context_embedding.norm.normalizer        │ R… │ 128 │ t… │
│ 37 │ policy.decoder.dynamic_embedding                        │ S… │   0 │ t… │
│ 38 │ policy.decoder.pointer                                  │ P… │ 16… │ t… │
│    │                                                         │    │   K │    │
│ 39 │ policy.decoder.pointer.project_out                      │ L… │ 16… │ t… │
│    │                                                         │    │   K │    │
│ 40 │ policy.decoder.project_node_embeddings                  │ L… │ 49… │ t… │
│    │                                                         │    │   K │    │
│ 41 │ policy.decoder.project_fixed_context                    │ L… │ 16… │ t… │
│    │                                                         │    │   K │    │
│ 42 │ baseline                                                │ N… │   0 │ t… │
│ 43 │ projection_head                                         │ M… │ 33… │ t… │
│    │                                                         │    │   K │    │
│ 44 │ projection_head.0                                       │ L… │ 16… │ t… │
│    │                                                         │    │   K │    │
│ 45 │ projection_head.1                                       │ R… │   0 │ t… │
│ 46 │ projection_head.2                                       │ L… │ 16… │ t… │
│    │                                                         │    │   K │    │
└────┴─────────────────────────────────────────────────────────┴────┴─────┴────┘
Trainable params: 1.3 M                                                         
Non-trainable params: 0                                                         
Total params: 1.3 M                                                             
Total estimated model params size (MB): 5                                       
Modules in train mode: 79                                                       
Modules in eval mode: 0                                                         
[[36m2026-09-07 19:47:31,306[0m][[34mrl4co.models.rl.common.base[0m][[32mINFO[0m] - Generating training dataset for next epoch...[0m
[[36m2026-09-07 19:56:23,051[0m][[34mrl4co.models.rl.common.base[0m][[32mINFO[0m] - Generating training dataset for next epoch...[0m
[[36m2026-09-07 20:05:40,274[0m][[34mrl4co.models.rl.common.base[0m][[32mINFO[0m] - Generating training dataset for next epoch...[0m
[[36m2026-09-07 20:15:04,547[0m][[34mrl4co.models.rl.common.base[0m][[32mINFO[0m] - Generating training dataset for next epoch...[0m
[[36m2026-09-07 20:24:33,576[0m][[34mrl4co.models.rl.common.base[0m][[32mINFO[0m] - Generating training dataset for next epoch...[0m
[[36m2026-09-07 20:34:50,345[0m][[34mrl4co.models.rl.common.base[0m][[32mINFO[0m] - Generating training dataset for next epoch...[0m
[[36m2026-09-07 20:45:30,508[0m][[34mrl4co.models.rl.common.base[0m][[32mINFO[0m] - Generating training dataset for next epoch...[0m
[[36m2026-09-07 20:57:06,955[0m][[34mrl4co.models.rl.common.base[0m][[32mINFO[0m] - Generating training dataset for next epoch...[0m
[[36m2026-09-07 21:09:02,896[0m][[34mrl4co.models.rl.common.base[0m][[32mINFO[0m] - Generating training dataset for next epoch...[0m
[[36m2026-09-07 21:20:56,787[0m][[34mrl4co.models.rl.common.base[0m][[32mINFO[0m] - Generating training dataset for next epoch...[0m
[[36m2026-09-07 21:33:08,354[0m][[34mrl4co.models.rl.common.base[0m][[32mINFO[0m] - Generating training dataset for next epoch...[0m
[[36m2026-09-07 21:45:25,228[0m][[34mrl4co.models.rl.common.base[0m][[32mINFO[0m] - Generating training dataset for next epoch...[0m
[[36m2026-09-07 21:57:31,690[0m][[34mrl4co.models.rl.common.base[0m][[32mINFO[0m] - Generating training dataset for next epoch...[0m
[[36m2026-09-07 22:09:48,887[0m][[34mrl4co.models.rl.common.base[0m][[32mINFO[0m] - Generating training dataset for next epoch...[0m
[[36m2026-09-07 22:22:15,271[0m][[34mrl4co.models.rl.common.base[0m][[32mINFO[0m] - Generating training dataset for next epoch...[0m
[[36m2026-09-07 22:34:54,046[0m][[34mrl4co.models.rl.common.base[0m][[32mINFO[0m] - Generating training dataset for next epoch...[0m
[[36m2026-09-07 22:48:42,313[0m][[34mrl4co.models.rl.common.base[0m][[32mINFO[0m] - Generating training dataset for next epoch...[0m
[[36m2026-09-07 23:02:01,371[0m][[34mrl4co.models.rl.common.base[0m][[32mINFO[0m] - Generating training dataset for next epoch...[0m
[[36m2026-09-07 23:16:25,134[0m][[34mrl4co.models.rl.common.base[0m][[32mINFO[0m] - Generating training dataset for next epoch...[0m
[[36m2026-09-07 23:30:05,459[0m][[34mrl4co.models.rl.common.base[0m][[32mINFO[0m] - Generating training dataset for next epoch...[0m
[[36m2026-09-07 23:43:29,635[0m][[34mrl4co.models.rl.common.base[0m][[32mINFO[0m] - Generating training dataset for next epoch...[0m
[[36m2026-09-07 23:58:12,625[0m][[34mrl4co.models.rl.common.base[0m][[32mINFO[0m] - Generating training dataset for next epoch...[0m
[[36m2026-09-08 00:11:49,380[0m][[34mrl4co.models.rl.common.base[0m][[32mINFO[0m] - Generating training dataset for next epoch...[0m
[[36m2026-09-08 00:26:52,439[0m][[34mrl4co.models.rl.common.base[0m][[32mINFO[0m] - Generating training dataset for next epoch...[0m
[[36m2026-09-08 00:40:39,952[0m][[34mrl4co.models.rl.common.base[0m][[32mINFO[0m] - Generating training dataset for next epoch...[0m
[[36m2026-09-08 00:53:52,304[0m][[34mrl4co.models.rl.common.base[0m][[32mINFO[0m] - Generating training dataset for next epoch...[0m
[[36m2026-09-08 01:07:26,940[0m][[34mrl4co.models.rl.common.base[0m][[32mINFO[0m] - Generating training dataset for next epoch...[0m
[[36m2026-09-08 01:20:44,152[0m][[34mrl4co.models.rl.common.base[0m][[32mINFO[0m] - Generating training dataset for next epoch...[0m
[[36m2026-09-08 01:33:32,497[0m][[34mrl4co.models.rl.common.base[0m][[32mINFO[0m] - Generating training dataset for next epoch...[0m
[[36m2026-09-08 01:46:46,594[0m][[34mrl4co.models.rl.common.base[0m][[32mINFO[0m] - Generating training dataset for next epoch...[0m
[[36m2026-09-08 02:01:07,409[0m][[34mrl4co.models.rl.common.base[0m][[32mINFO[0m] - Generating training dataset for next epoch...[0m
[[36m2026-09-08 02:15:40,058[0m][[34mrl4co.models.rl.common.base[0m][[32mINFO[0m] - Generating training dataset for next epoch...[0m
[[36m2026-09-08 02:30:17,361[0m][[34mrl4co.models.rl.common.base[0m][[32mINFO[0m] - Generating training dataset for next epoch...[0m
[[36m2026-09-08 02:44:42,475[0m][[34mrl4co.models.rl.common.base[0m][[32mINFO[0m] - Generating training dataset for next epoch...[0m
[[36m2026-09-08 02:57:56,763[0m][[34mrl4co.models.rl.common.base[0m][[32mINFO[0m] - Generating training dataset for next epoch...[0m
[[36m2026-09-08 03:12:48,283[0m][[34mrl4co.models.rl.common.base[0m][[32mINFO[0m] - Generating training dataset for next epoch...[0m
[[36m2026-09-08 03:27:14,672[0m][[34mrl4co.models.rl.common.base[0m][[32mINFO[0m] - Generating training dataset for next epoch...[0m
[[36m2026-09-08 03:40:51,921[0m][[34mrl4co.models.rl.common.base[0m][[32mINFO[0m] - Generating training dataset for next epoch...[0m
[[36m2026-09-08 03:55:47,543[0m][[34mrl4co.models.rl.common.base[0m][[32mINFO[0m] - Generating training dataset for next epoch...[0m
[[36m2026-09-08 04:09:08,313[0m][[34mrl4co.models.rl.common.base[0m][[32mINFO[0m] - Generating training dataset for next epoch...[0m
[[36m2026-09-08 04:22:25,728[0m][[34mrl4co.models.rl.common.base[0m][[32mINFO[0m] - Generating training dataset for next epoch...[0m
[[36m2026-09-08 04:35:43,490[0m][[34mrl4co.models.rl.common.base[0m][[32mINFO[0m] - Generating training dataset for next epoch...[0m
[[36m2026-09-08 04:49:22,888[0m][[34mrl4co.models.rl.common.base[0m][[32mINFO[0m] - Generating training dataset for next epoch...[0m
[[36m2026-09-08 05:02:55,762[0m][[34mrl4co.models.rl.common.base[0m][[32mINFO[0m] - Generating training dataset for next epoch...[0m
[[36m2026-09-08 05:16:17,449[0m][[34mrl4co.models.rl.common.base[0m][[32mINFO[0m] - Generating training dataset for next epoch...[0m
[[36m2026-09-08 05:29:49,062[0m][[34mrl4co.models.rl.common.base[0m][[32mINFO[0m] - Generating training dataset for next epoch...[0m
[[36m2026-09-08 05:44:19,644[0m][[34mrl4co.models.rl.common.base[0m][[32mINFO[0m] - Generating training dataset for next epoch...[0m
[[36m2026-09-08 05:57:51,323[0m][[34mrl4co.models.rl.common.base[0m][[32mINFO[0m] - Generating training dataset for next epoch...[0m
[[36m2026-09-08 06:12:05,568[0m][[34mrl4co.models.rl.common.base[0m][[32mINFO[0m] - Generating training dataset for next epoch...[0m
[[36m2026-09-08 06:25:54,943[0m][[34mrl4co.models.rl.common.base[0m][[32mINFO[0m] - Generating training dataset for next epoch...[0m
[[36m2026-09-08 06:40:00,879[0m][[34mrl4co.models.rl.common.base[0m][[32mINFO[0m] - Generating training dataset for next epoch...[0m
[[36m2026-09-08 06:54:21,851[0m][[34mrl4co.models.rl.common.base[0m][[32mINFO[0m] - Generating training dataset for next epoch...[0m
[[36m2026-09-08 07:08:19,540[0m][[34mrl4co.models.rl.common.base[0m][[32mINFO[0m] - Generating training dataset for next epoch...[0m
[[36m2026-09-08 07:22:06,441[0m][[34mrl4co.models.rl.common.base[0m][[32mINFO[0m] - Generating training dataset for next epoch...[0m
[[36m2026-09-08 07:36:21,154[0m][[34mrl4co.models.rl.common.base[0m][[32mINFO[0m] - Generating training dataset for next epoch...[0m
[[36m2026-09-08 07:50:29,635[0m][[34mrl4co.models.rl.common.base[0m][[32mINFO[0m] - Generating training dataset for next epoch...[0m
[[36m2026-09-08 08:04:47,469[0m][[34mrl4co.models.rl.common.base[0m][[32mINFO[0m] - Generating training dataset for next epoch...[0m
[[36m2026-09-08 08:18:37,870[0m][[34mrl4co.models.rl.common.base[0m][[32mINFO[0m] - Generating training dataset for next epoch...[0m
[[36m2026-09-08 08:32:53,146[0m][[34mrl4co.models.rl.common.base[0m][[32mINFO[0m] - Generating training dataset for next epoch...[0m
[[36m2026-09-08 08:46:55,909[0m][[34mrl4co.models.rl.common.base[0m][[32mINFO[0m] - Generating training dataset for next epoch...[0m
[[36m2026-09-08 09:00:42,752[0m][[34mrl4co.models.rl.common.base[0m][[32mINFO[0m] - Generating training dataset for next epoch...[0m
[[36m2026-09-08 09:14:40,546[0m][[34mrl4co.models.rl.common.base[0m][[32mINFO[0m] - Generating training dataset for next epoch...[0m
[[36m2026-09-08 09:29:13,865[0m][[34mrl4co.models.rl.common.base[0m][[32mINFO[0m] - Generating training dataset for next epoch...[0m
[[36m2026-09-08 09:43:27,516[0m][[34mrl4co.models.rl.common.base[0m][[32mINFO[0m] - Generating training dataset for next epoch...[0m
[[36m2026-09-08 09:57:43,245[0m][[34mrl4co.models.rl.common.base[0m][[32mINFO[0m] - Generating training dataset for next epoch...[0m
[[36m2026-09-08 10:11:50,454[0m][[34mrl4co.models.rl.common.base[0m][[32mINFO[0m] - Generating training dataset for next epoch...[0m
[[36m2026-09-08 10:26:01,689[0m][[34mrl4co.models.rl.common.base[0m][[32mINFO[0m] - Generating training dataset for next epoch...[0m
[[36m2026-09-08 10:39:58,756[0m][[34mrl4co.models.rl.common.base[0m][[32mINFO[0m] - Generating training dataset for next epoch...[0m
[[36m2026-09-08 10:53:49,916[0m][[34mrl4co.models.rl.common.base[0m][[32mINFO[0m] - Generating training dataset for next epoch...[0m
[[36m2026-09-08 11:07:07,305[0m][[34mrl4co.models.rl.common.base[0m][[32mINFO[0m] - Generating training dataset for next epoch...[0m
[[36m2026-09-08 11:20:29,303[0m][[34mrl4co.models.rl.common.base[0m][[32mINFO[0m] - Generating training dataset for next epoch...[0m
[[36m2026-09-08 11:34:01,814[0m][[34mrl4co.models.rl.common.base[0m][[32mINFO[0m] - Generating training dataset for next epoch...[0m
[[36m2026-09-08 11:49:02,971[0m][[34mrl4co.models.rl.common.base[0m][[32mINFO[0m] - Generating training dataset for next epoch...[0m
[[36m2026-09-08 12:03:56,715[0m][[34mrl4co.models.rl.common.base[0m][[32mINFO[0m] - Generating training dataset for next epoch...[0m
[[36m2026-09-08 12:18:21,912[0m][[34mrl4co.models.rl.common.base[0m][[32mINFO[0m] - Generating training dataset for next epoch...[0m
[[36m2026-09-08 12:32:12,671[0m][[34mrl4co.models.rl.common.base[0m][[32mINFO[0m] - Generating training dataset for next epoch...[0m
[[36m2026-09-08 12:45:28,825[0m][[34mrl4co.models.rl.common.base[0m][[32mINFO[0m] - Generating training dataset for next epoch...[0m
[[36m2026-09-08 13:00:31,947[0m][[34mrl4co.models.rl.common.base[0m][[32mINFO[0m] - Generating training dataset for next epoch...[0m
[[36m2026-09-08 13:14:07,170[0m][[34mrl4co.models.rl.common.base[0m][[32mINFO[0m] - Generating training dataset for next epoch...[0m
[[36m2026-09-08 13:27:51,555[0m][[34mrl4co.models.rl.common.base[0m][[32mINFO[0m] - Generating training dataset for next epoch...[0m
[[36m2026-09-08 13:40:59,217[0m][[34mrl4co.models.rl.common.base[0m][[32mINFO[0m] - Generating training dataset for next epoch...[0m
[[36m2026-09-08 13:54:33,411[0m][[34mrl4co.models.rl.common.base[0m][[32mINFO[0m] - Generating training dataset for next epoch...[0m
[[36m2026-09-08 14:07:55,307[0m][[34mrl4co.models.rl.common.base[0m][[32mINFO[0m] - Generating training dataset for next epoch...[0m
[[36m2026-09-08 14:21:17,262[0m][[34mrl4co.models.rl.common.base[0m][[32mINFO[0m] - Generating training dataset for next epoch...[0m
[[36m2026-09-08 14:35:37,323[0m][[34mrl4co.models.rl.common.base[0m][[32mINFO[0m] - Generating training dataset for next epoch...[0m
[[36m2026-09-08 14:49:13,999[0m][[34mrl4co.models.rl.common.base[0m][[32mINFO[0m] - Generating training dataset for next epoch...[0m
[[36m2026-09-08 15:03:28,513[0m][[34mrl4co.models.rl.common.base[0m][[32mINFO[0m] - Generating training dataset for next epoch...[0m
[[36m2026-09-08 15:17:06,097[0m][[34mrl4co.models.rl.common.base[0m][[32mINFO[0m] - Generating training dataset for next epoch...[0m
[[36m2026-09-08 15:30:54,519[0m][[34mrl4co.models.rl.common.base[0m][[32mINFO[0m] - Generating training dataset for next epoch...[0m
[[36m2026-09-08 15:45:17,990[0m][[34mrl4co.models.rl.common.base[0m][[32mINFO[0m] - Generating training dataset for next epoch...[0m
[[36m2026-09-08 15:59:01,283[0m][[34mrl4co.models.rl.common.base[0m][[32mINFO[0m] - Generating training dataset for next epoch...[0m
[[36m2026-09-08 16:13:51,684[0m][[34mrl4co.models.rl.common.base[0m][[32mINFO[0m] - Generating training dataset for next epoch...[0m
[[36m2026-09-08 16:28:42,130[0m][[34mrl4co.models.rl.common.base[0m][[32mINFO[0m] - Generating training dataset for next epoch...[0m
[[36m2026-09-08 16:42:57,026[0m][[34mrl4co.models.rl.common.base[0m][[32mINFO[0m] - Generating training dataset for next epoch...[0m
[[36m2026-09-08 16:57:46,324[0m][[34mrl4co.models.rl.common.base[0m][[32mINFO[0m] - Generating training dataset for next epoch...[0m
[[36m2026-09-08 17:12:38,434[0m][[34mrl4co.models.rl.common.base[0m][[32mINFO[0m] - Generating training dataset for next epoch...[0m
[[36m2026-09-08 17:26:53,253[0m][[34mrl4co.models.rl.common.base[0m][[32mINFO[0m] - Generating training dataset for next epoch...[0m
[[36m2026-09-08 17:41:42,638[0m][[34mrl4co.models.rl.common.base[0m][[32mINFO[0m] - Generating training dataset for next epoch...[0m
[[36m2026-09-08 17:56:10,005[0m][[34mrl4co.models.rl.common.base[0m][[32mINFO[0m] - Generating training dataset for next epoch...[0m
Epoch 99/99 ━━━━━━━━━━━━━━━ 1042/1042 0:10:57 •       1.77it/s v_num: p5aw      
                                      0:00:00                  train/reward:    
                                                               -6.359           
                                                               train/halting_ra…
                                                               0.034 train/loss:
                                                               -0.061           
                                                               val/reward/n50_m…
                                                               -3.807           
                                                               val/halting_rati…
                                                               0.036            
                                                               val/reward/n50_m…
                                                               -2.487           
                                                               val/halting_rati…
                                                               0.045            
                                                               val/reward/n50_m…
                                                               -2.205           
                                                               val/halting_rati…
                                                               0.059            
                                                               val/reward/n100_…
                                                               -6.201           
                                                               val/halting_rati…
                                                               0.030            
                                                               val/reward/n100_…
                                                               -3.867           
                                                               val/halting_rati…
                                                               0.026            
                                                               val/reward/n100_…
                                                               -3.029           
                                                               val/halting_rati…
                                                               0.029            
[[36m2026-09-08 18:11:00,028[0m][[34m__main__[0m][[32mINFO[0m] - Starting testing![0m
[[36m2026-09-08 18:11:00,081[0m][[34mrl4co.models.rl.common.base[0m][[32mINFO[0m] - Setting up batch sizes for train/val/test[0m
[[36m2026-09-08 18:11:00,081[0m][[34mrl4co.models.rl.common.base[0m][[32mINFO[0m] - Setting up datasets[0m
[[36m2026-09-08 18:11:02,690[0m][[34mrl4co.envs.common.base[0m][[32mINFO[0m] - Loading val dataset from ['/home/athota/parco/data/cvrp/n50_m3_seed24610.npz', '/home/athota/parco/data/cvrp/n50_m5_seed24610.npz', '/home/athota/parco/data/cvrp/n50_m7_seed24610.npz', '/home/athota/parco/data/cvrp/n100_m3_seed24610.npz', '/home/athota/parco/data/cvrp/n100_m5_seed24610.npz', '/home/athota/parco/data/cvrp/n100_m7_seed24610.npz'][0m
[[36m2026-09-08 18:11:02,795[0m][[34mrl4co.envs.common.base[0m][[32mINFO[0m] - Loading test dataset from ['/home/athota/parco/data/cvrp/n50_m3_seed24610.npz', '/home/athota/parco/data/cvrp/n50_m5_seed24610.npz', '/home/athota/parco/data/cvrp/n50_m7_seed24610.npz', '/home/athota/parco/data/cvrp/n100_m3_seed24610.npz', '/home/athota/parco/data/cvrp/n100_m5_seed24610.npz', '/home/athota/parco/data/cvrp/n100_m7_seed24610.npz', '/home/athota/parco/data/cvrp/n200_m3_seed24610.npz', '/home/athota/parco/data/cvrp/n200_m5_seed24610.npz', '/home/athota/parco/data/cvrp/n200_m7_seed24610.npz'][0m
┏━━━━━━━━━━━━━━━━━━━┳━━━━━━━━━━━━━━━━━━━┳━━━━━━━━━━━━━━━━━━┳━━━━━━━━━━━━━━━━━━━┓
┃    Test metric    ┃   DataLoader 0    ┃   DataLoader 1   ┃   DataLoader 2    ┃
┡━━━━━━━━━━━━━━━━━━━╇━━━━━━━━━━━━━━━━━━━╇━━━━━━━━━━━━━━━━━━╇━━━━━━━━━━━━━━━━━━━┩
│ test/halting_rat… │                   │                  │                   │
│ test/halting_rat… │                   │                  │                   │
│ test/halting_rat… │                   │                  │                   │
│ test/halting_rat… │                   │                  │                   │
│ test/halting_rat… │                   │                  │                   │
│ test/halting_rat… │                   │                  │                   │
│ test/halting_rat… │ 0.03543380275368… │                  │                   │
│ test/halting_rat… │                   │ 0.0408486165106… │                   │
│ test/halting_rat… │                   │                  │ 0.05470823124051… │
│ test/reward/n100… │                   │                  │                   │
│ test/reward/n100… │                   │                  │                   │
│ test/reward/n100… │                   │                  │                   │
│ test/reward/n200… │                   │                  │                   │
│ test/reward/n200… │                   │                  │                   │
│ test/reward/n200… │                   │                  │                   │
│ test/reward/n50_… │ -3.8158934116363… │                  │                   │
│ test/reward/n50_… │                   │ -2.474675178527… │                   │
│ test/reward/n50_… │                   │                  │ -2.2080407142639… │
└───────────────────┴───────────────────┴──────────────────┴───────────────────┘
┏━━━━━━━━━━━━━━━━━━━┳━━━━━━━━━━━━━━━━━━━┳━━━━━━━━━━━━━━━━━━┳━━━━━━━━━━━━━━━━━━━┓
┃    Test metric    ┃   DataLoader 3    ┃   DataLoader 4   ┃   DataLoader 5    ┃
┡━━━━━━━━━━━━━━━━━━━╇━━━━━━━━━━━━━━━━━━━╇━━━━━━━━━━━━━━━━━━╇━━━━━━━━━━━━━━━━━━━┩
│ test/halting_rat… │ 0.02993559092283… │                  │                   │
│ test/halting_rat… │                   │ 0.0250000711530… │                   │
│ test/halting_rat… │                   │                  │ 0.02766639925539… │
│ test/halting_rat… │                   │                  │                   │
│ test/halting_rat… │                   │                  │                   │
│ test/halting_rat… │                   │                  │                   │
│ test/halting_rat… │                   │                  │                   │
│ test/halting_rat… │                   │                  │                   │
│ test/halting_rat… │                   │                  │                   │
│ test/reward/n100… │ -6.2399644851684… │                  │                   │
│ test/reward/n100… │                   │ -3.861656904220… │                   │
│ test/reward/n100… │                   │                  │ -3.0357794761657… │
│ test/reward/n200… │                   │                  │                   │
│ test/reward/n200… │                   │                  │                   │
│ test/reward/n200… │                   │                  │                   │
│ test/reward/n50_… │                   │                  │                   │
│ test/reward/n50_… │                   │                  │                   │
│ test/reward/n50_… │                   │                  │                   │
└───────────────────┴───────────────────┴──────────────────┴───────────────────┘
┏━━━━━━━━━━━━━━━━━━━┳━━━━━━━━━━━━━━━━━━━┳━━━━━━━━━━━━━━━━━━┳━━━━━━━━━━━━━━━━━━━┓
┃    Test metric    ┃   DataLoader 6    ┃   DataLoader 7   ┃   DataLoader 8    ┃
┡━━━━━━━━━━━━━━━━━━━╇━━━━━━━━━━━━━━━━━━━╇━━━━━━━━━━━━━━━━━━╇━━━━━━━━━━━━━━━━━━━┩
│ test/halting_rat… │                   │                  │                   │
│ test/halting_rat… │                   │                  │                   │
│ test/halting_rat… │                   │                  │                   │
│ test/halting_rat… │ 0.11995008587837… │                  │                   │
│ test/halting_rat… │                   │ 0.0327803343534… │                   │
│ test/halting_rat… │                   │                  │ 0.02377934008836… │
│ test/halting_rat… │                   │                  │                   │
│ test/halting_rat… │                   │                  │                   │
│ test/halting_rat… │                   │                  │                   │
│ test/reward/n100… │                   │                  │                   │
│ test/reward/n100… │                   │                  │                   │
│ test/reward/n100… │                   │                  │                   │
│ test/reward/n200… │ -29.562450408935… │                  │                   │
│ test/reward/n200… │                   │ -7.221252918243… │                   │
│ test/reward/n200… │                   │                  │ -4.9201016426086… │
│ test/reward/n50_… │                   │                  │                   │
│ test/reward/n50_… │                   │                  │                   │
│ test/reward/n50_… │                   │                  │                   │
└───────────────────┴───────────────────┴──────────────────┴───────────────────┘
Testing ━━━━━━━━━━━━━━━━━━━━━━━━━━━━━━━━━━━━━ 14/14 0:00:09 • 0:00:00 1.56it/s 
[[36m2026-09-08 18:14:36,466[0m][[34m__main__[0m][[32mINFO[0m] - Best ckpt path: /home/athota/parco/logs/train/runs/cvrp_n100_m7/parco_cvrp/2026-09-07_19-38-11/checkpoints/epoch_090.ckpt[0m
[[36m2026-09-08 18:14:36,467[0m][[34mrl4co.utils.utils[0m][[32mINFO[0m] - Output dir: /home/athota/parco/logs/train/runs/cvrp_n100_m7/parco_cvrp/2026-09-07_19-38-11[0m
[[36m2026-09-08 18:14:36,467[0m][[34mrl4co.utils.utils[0m][[32mINFO[0m] - Closing loggers...[0m
[[36m2026-09-08 18:14:36,467[0m][[34mrl4co.utils.utils[0m][[32mINFO[0m] - Closing wandb![0m
[[36m2026-09-08 18:14:36,476[0m][[34mrl4co.utils.utils[0m][[32mINFO[0m] - Metric name is None! Skipping metric value retrieval...[0m
