[[36m2026-09-12 09:09:10,289[0m][[34mrl4co.utils.utils[0m][[32mINFO[0m] - Enforcing tags! <cfg.extras.enforce_tags=True>[0m
[[36m2026-09-12 09:09:10,293[0m][[34mrl4co.utils.utils[0m][[32mINFO[0m] - Printing config tree with Rich! <cfg.extras.print_config=True>[0m
CONFIG
├── model
│   └── _target_: parco.models.rl.PARCORLModule                                 
│       metrics:                                                                
│         train:                                                                
│         - loss                                                                
│         - reward                                                              
│         - halting_ratio                                                       
│         - pos_ratio                                                           
│         val:                                                                  
│         - reward                                                              
│         - halting_ratio                                                       
│         - pos_ratio                                                           
│         test:                                                                 
│         - reward                                                              
│         - halting_ratio                                                       
│         - pos_ratio                                                           
│         log_on_step: true                                                     
│       policy:                                                                 
│         _target_: parco.models.policy.PARCOPolicy                             
│         env_name: hcvrp                                                       
│         agent_handler: highprob                                               
│         embed_dim: 128                                                        
│         train_decode_type: joint_sampling                                     
│         val_decode_type: joint_greedy                                         
│         test_decode_type: joint_greedy                                        
│         max_steps: 1000                                                       
│         norm_after: false                                                     
│         normalization: rms                                                    
│         use_final_norm: true                                                  
│         parallel_gated_kwargs:                                                
│           mlp_activation: silu                                                
│         context_embedding_kwargs:                                             
│           normalization: rms                                                  
│           norm_after: false                                                   
│           use_final_norm: true                                                
│           parallel_gated_kwargs:                                              
│             mlp_activation: silu                                              
│       batch_size: 16                                                          
│       val_batch_size: 16                                                      
│       test_batch_size: 16                                                     
│       train_data_size: 100000                                                 
│       val_data_size: 10000                                                    
│       test_data_size: 10000                                                   
│       optimizer_kwargs:                                                       
│         lr: 0.0001                                                            
│         weight_decay: 0.0                                                     
│       lr_scheduler: MultiStepLR                                               
│       lr_scheduler_kwargs:                                                    
│         milestones:                                                           
│         - 80                                                                  
│         - 95                                                                  
│         gamma: 0.1                                                            
│       num_augment: 4                                                          
│       train_min_agents: 3                                                     
│       train_max_agents: 7                                                     
│       train_min_size: 60                                                      
│       train_max_size: 100                                                     
│       dataloader_num_workers: 5                                               
│                                                                               
├── callbacks
│   └── model_checkpoint:                                                       
│         _target_: lightning.pytorch.callbacks.ModelCheckpoint                 
│         dirpath: /home/athota/parco/logs/train/runs/hcvrp_n100_m7/parco_joint/
│         filename: epoch_{epoch:03d}                                           
│         monitor: val/reward/n60_m5                                            
│         verbose: false                                                        
│         save_last: true                                                       
│         save_top_k: 1                                                         
│         mode: max                                                             
│         auto_insert_metric_name: false                                        
│         save_weights_only: false                                              
│         every_n_train_steps: null                                             
│         train_time_interval: null                                             
│         every_n_epochs: null                                                  
│         save_on_train_epoch_end: null                                         
│       model_summary:                                                          
│         _target_: lightning.pytorch.callbacks.RichModelSummary                
│         max_depth: 5                                                          
│       rich_progress_bar:                                                      
│         _target_: lightning.pytorch.callbacks.RichProgressBar                 
│       speed_monitor:                                                          
│         _target_: rl4co.utils.callbacks.speed_monitor.SpeedMonitor            
│         intra_step_time: true                                                 
│         inter_step_time: true                                                 
│         epoch_time: true                                                      
│       learning_rate_monitor:                                                  
│         _target_: lightning.pytorch.callbacks.LearningRateMonitor             
│         logging_interval: epoch                                               
│                                                                               
├── logger
│   └── wandb:                                                                  
│         _target_: lightning.pytorch.loggers.wandb.WandbLogger                 
│         save_dir: /home/athota/parco/logs/train/runs/hcvrp_n100_m7/parco_joint
│         offline: true                                                         
│         id: null                                                              
│         anonymous: null                                                       
│         project: parco-hcvrp                                                  
│         log_model: false                                                      
│         prefix: ''                                                            
│         group: hcvrp_n100_m7                                                  
│         tags:                                                                 
│         - parco                                                               
│         - hcvrp                                                               
│         - communication                                                       
│         - joint_decode                                                        
│         job_type: ''                                                          
│         name: parco_joint                                                     
│                                                                               
├── trainer
│   └── _target_: rl4co.utils.trainer.RL4COTrainer                              
│       default_root_dir: /home/athota/parco/logs/train/runs/hcvrp_n100_m7/parco
│       gradient_clip_val: 1.0                                                  
│       accelerator: gpu                                                        
│       precision: 16-mixed                                                     
│       strategy:                                                               
│         _target_: lightning.pytorch.strategies.DDPStrategy                    
│         find_unused_parameters: true                                          
│         gradient_as_bucket_view: true                                         
│       check_val_every_n_epoch: 1                                              
│       deterministic: false                                                    
│       max_epochs: 100                                                         
│       accumulate_grad_batches: 8                                              
│                                                                               
├── paths
│   └── root_dir: /home/athota/parco                                            
│       data_dir: /home/athota/parco/data/                                      
│       log_dir: /home/athota/parco/logs/                                       
│       output_dir: /home/athota/parco/logs/train/runs/hcvrp_n100_m7/parco_joint
│       work_dir: /home/athota/parco                                            
│                                                                               
├── extras
│   └── ignore_warnings: false                                                  
│       enforce_tags: true                                                      
│       print_config: true                                                      
│                                                                               
├── mode
│   └── train                                                                   
├── tags
│   └── ['dev']                                                                 
├── train
│   └── True                                                                    
├── test
│   └── True                                                                    
├── compile
│   └── False                                                                   
├── ckpt_path
│   └── None                                                                    
├── seed
│   └── 1234                                                                    
├── matmul_precision
│   └── medium                                                                  
├── metrics
│   └── train:                                                                  
│       - loss                                                                  
│       - reward                                                                
│       val:                                                                    
│       - reward                                                                
│       test:                                                                   
│       - reward                                                                
│       log_on_step: true                                                       
│                                                                               
├── env
│   └── _target_: parco.envs.hcvrp.HCVRPEnv                                     
│       name: hcvrp                                                             
│       generator_params:                                                       
│         num_loc: 100                                                          
│         num_agents: 7                                                         
│       data_dir: /home/athota/parco/data/hcvrp                                 
│       val_file:                                                               
│       - n60_m3_seed24610.npz                                                  
│       - n60_m5_seed24610.npz                                                  
│       - n60_m7_seed24610.npz                                                  
│       - n80_m3_seed24610.npz                                                  
│       - n80_m5_seed24610.npz                                                  
│       - n80_m7_seed24610.npz                                                  
│       - n100_m3_seed24610.npz                                                 
│       - n100_m5_seed24610.npz                                                 
│       - n100_m7_seed24610.npz                                                 
│       val_dataloader_names:                                                   
│       - n60_m3                                                                
│       - n60_m5                                                                
│       - n60_m7                                                                
│       - n80_m3                                                                
│       - n80_m5                                                                
│       - n80_m7                                                                
│       - n100_m3                                                               
│       - n100_m5                                                               
│       - n100_m7                                                               
│       test_file:                                                              
│       - n60_m3_seed24610.npz                                                  
│       - n60_m5_seed24610.npz                                                  
│       - n60_m7_seed24610.npz                                                  
│       - n80_m3_seed24610.npz                                                  
│       - n80_m5_seed24610.npz                                                  
│       - n80_m7_seed24610.npz                                                  
│       - n100_m3_seed24610.npz                                                 
│       - n100_m5_seed24610.npz                                                 
│       - n100_m7_seed24610.npz                                                 
│       test_dataloader_names:                                                  
│       - n60_m3                                                                
│       - n60_m5                                                                
│       - n60_m7                                                                
│       - n80_m3                                                                
│       - n80_m5                                                                
│       - n80_m7                                                                
│       - n100_m3                                                               
│       - n100_m5                                                               
│       - n100_m7                                                               
│                                                                               
└── generator_params
    └── num_loc: 100                                                            
        num_agents: 7                                                           
                                                                                
[[36m2026-09-12 09:09:10,352[0m][[34m__main__[0m][[32mINFO[0m] - Instantiating environment <parco.envs.hcvrp.HCVRPEnv>[0m
[[36m2026-09-12 09:09:10,996[0m][[34m__main__[0m][[32mINFO[0m] - Instantiating model <parco.models.rl.PARCORLModule>[0m
[[36m2026-09-12 09:09:11,237[0m][[34mparco.models.policy[0m][[32mINFO[0m] - Initializing default PARCOEncoder[0m
[[36m2026-09-12 09:09:11,256[0m][[34mparco.models.policy[0m][[32mINFO[0m] - Initializing default PARCODecoder[0m
[[36m2026-09-12 09:09:11,337[0m][[34mrl4co.data.transforms[0m][[32mINFO[0m] - Features not passed, defaulting to 'locs'[0m
[[36m2026-09-12 09:09:11,337[0m][[34mrl4co.data.transforms[0m][[32mINFO[0m] - Features not passed, defaulting to 'locs'[0m
[[36m2026-09-12 09:09:11,339[0m][[34m__main__[0m][[32mINFO[0m] - Instantiating callbacks...[0m
[[36m2026-09-12 09:09:11,339[0m][[34mrl4co.utils.instantiators[0m][[32mINFO[0m] - Instantiating callback <lightning.pytorch.callbacks.ModelCheckpoint>[0m
[[36m2026-09-12 09:09:11,347[0m][[34mrl4co.utils.instantiators[0m][[32mINFO[0m] - Instantiating callback <lightning.pytorch.callbacks.RichModelSummary>[0m
[[36m2026-09-12 09:09:11,348[0m][[34mrl4co.utils.instantiators[0m][[32mINFO[0m] - Instantiating callback <lightning.pytorch.callbacks.RichProgressBar>[0m
[[36m2026-09-12 09:09:11,349[0m][[34mrl4co.utils.instantiators[0m][[32mINFO[0m] - Instantiating callback <rl4co.utils.callbacks.speed_monitor.SpeedMonitor>[0m
[[36m2026-09-12 09:09:11,351[0m][[34mrl4co.utils.instantiators[0m][[32mINFO[0m] - Instantiating callback <lightning.pytorch.callbacks.LearningRateMonitor>[0m
[[36m2026-09-12 09:09:11,352[0m][[34m__main__[0m][[32mINFO[0m] - Instantiating loggers...[0m
[[36m2026-09-12 09:09:11,352[0m][[34mrl4co.utils.instantiators[0m][[32mINFO[0m] - Instantiating logger <lightning.pytorch.loggers.wandb.WandbLogger>[0m
[[36m2026-09-12 09:09:11,358[0m][[34m__main__[0m][[32mINFO[0m] - Instantiating trainer...[0m
[[36m2026-09-12 09:09:11,387[0m][[34m__main__[0m][[32mINFO[0m] - Logging hyperparameters![0m
[[36m2026-09-12 09:09:13,768[0m][[34m__main__[0m][[32mINFO[0m] - Starting training![0m
[[36m2026-09-12 09:09:14,958[0m][[34mrl4co.models.rl.common.base[0m][[32mINFO[0m] - Setting up batch sizes for train/val/test[0m
[[36m2026-09-12 09:09:14,959[0m][[34mrl4co.models.rl.common.base[0m][[32mINFO[0m] - Setting up datasets[0m
[[36m2026-09-12 09:09:16,860[0m][[34mrl4co.envs.common.base[0m][[32mINFO[0m] - Loading val dataset from ['/home/athota/parco/data/hcvrp/n60_m3_seed24610.npz', '/home/athota/parco/data/hcvrp/n60_m5_seed24610.npz', '/home/athota/parco/data/hcvrp/n60_m7_seed24610.npz', '/home/athota/parco/data/hcvrp/n80_m3_seed24610.npz', '/home/athota/parco/data/hcvrp/n80_m5_seed24610.npz', '/home/athota/parco/data/hcvrp/n80_m7_seed24610.npz', '/home/athota/parco/data/hcvrp/n100_m3_seed24610.npz', '/home/athota/parco/data/hcvrp/n100_m5_seed24610.npz', '/home/athota/parco/data/hcvrp/n100_m7_seed24610.npz'][0m
[[36m2026-09-12 09:09:17,293[0m][[34mrl4co.envs.common.base[0m][[32mINFO[0m] - Loading test dataset from ['/home/athota/parco/data/hcvrp/n60_m3_seed24610.npz', '/home/athota/parco/data/hcvrp/n60_m5_seed24610.npz', '/home/athota/parco/data/hcvrp/n60_m7_seed24610.npz', '/home/athota/parco/data/hcvrp/n80_m3_seed24610.npz', '/home/athota/parco/data/hcvrp/n80_m5_seed24610.npz', '/home/athota/parco/data/hcvrp/n80_m7_seed24610.npz', '/home/athota/parco/data/hcvrp/n100_m3_seed24610.npz', '/home/athota/parco/data/hcvrp/n100_m5_seed24610.npz', '/home/athota/parco/data/hcvrp/n100_m7_seed24610.npz'][0m
[[36m2026-09-12 09:09:17,458[0m][[34mrl4co.models.rl.common.base[0m][[32mINFO[0m] - Instantiating optimizer <Adam>[0m
[[36m2026-09-12 09:09:17,459[0m][[34mrl4co.models.rl.common.base[0m][[32mINFO[0m] - Instantiating LR scheduler <MultiStepLR>[0m
┏━━━━┳━━━━━━━━━━━━━━━━━━━━━━━━━━━━━━━━━━━━━━━━━━━━━━━━━━━━━━━━━┳━━━━┳━━━━━┳━━━━┓
┃    ┃ Name                                                    ┃ T… ┃ Pa… ┃ M… ┃
┡━━━━╇━━━━━━━━━━━━━━━━━━━━━━━━━━━━━━━━━━━━━━━━━━━━━━━━━━━━━━━━━╇━━━━╇━━━━━╇━━━━┩
│ 0  │ env                                                     │ H… │   0 │ t… │
│ 1  │ policy                                                  │ P… │ 1.3 │ t… │
│    │                                                         │    │   M │    │
│ 2  │ policy.encoder                                          │ P… │ 839 │ t… │
│    │                                                         │    │   K │    │
│ 3  │ policy.encoder.init_embedding                           │ H… │ 50… │ t… │
│    │                                                         │    │   K │    │
│ 4  │ policy.encoder.init_embedding.init_embed_depot          │ L… │ 256 │ t… │
│ 5  │ policy.encoder.init_embedding.pos_encoder               │ P… │   0 │ t… │
│ 6  │ policy.encoder.init_embedding.pos_embedding_proj        │ L… │ 16… │ t… │
│    │                                                         │    │   K │    │
│ 7  │ policy.encoder.init_embedding.init_embed_agents         │ L… │ 512 │ t… │
│ 8  │ policy.encoder.init_embedding.init_embed_depot_agents   │ L… │ 32… │ t… │
│    │                                                         │    │   K │    │
│ 9  │ policy.encoder.init_embedding.init_embed_clients        │ L… │ 640 │ t… │
│ 10 │ policy.encoder.layers                                   │ S… │ 788 │ t… │
│    │                                                         │    │   K │    │
│ 11 │ policy.encoder.layers.0                                 │ T… │ 262 │ t… │
│    │                                                         │    │   K │    │
│ 12 │ policy.encoder.layers.0.norm_attn                       │ N… │ 128 │ t… │
│ 13 │ policy.encoder.layers.0.attention                       │ M… │ 66… │ t… │
│    │                                                         │    │   K │    │
│ 14 │ policy.encoder.layers.0.norm_ffn                        │ N… │ 128 │ t… │
│ 15 │ policy.encoder.layers.0.ffn                             │ P… │ 196 │ t… │
│    │                                                         │    │   K │    │
│ 16 │ policy.encoder.layers.1                                 │ T… │ 262 │ t… │
│    │                                                         │    │   K │    │
│ 17 │ policy.encoder.layers.1.norm_attn                       │ N… │ 128 │ t… │
│ 18 │ policy.encoder.layers.1.attention                       │ M… │ 66… │ t… │
│    │                                                         │    │   K │    │
│ 19 │ policy.encoder.layers.1.norm_ffn                        │ N… │ 128 │ t… │
│ 20 │ policy.encoder.layers.1.ffn                             │ P… │ 196 │ t… │
│    │                                                         │    │   K │    │
│ 21 │ policy.encoder.layers.2                                 │ T… │ 262 │ t… │
│    │                                                         │    │   K │    │
│ 22 │ policy.encoder.layers.2.norm_attn                       │ N… │ 128 │ t… │
│ 23 │ policy.encoder.layers.2.attention                       │ M… │ 66… │ t… │
│    │                                                         │    │   K │    │
│ 24 │ policy.encoder.layers.2.norm_ffn                        │ N… │ 128 │ t… │
│ 25 │ policy.encoder.layers.2.ffn                             │ P… │ 196 │ t… │
│    │                                                         │    │   K │    │
│ 26 │ policy.encoder.norm                                     │ N… │ 128 │ t… │
│ 27 │ policy.encoder.norm.normalizer                          │ R… │ 128 │ t… │
│ 28 │ policy.decoder                                          │ P… │ 411 │ t… │
│    │                                                         │    │   K │    │
│ 29 │ policy.decoder.context_embedding                        │ H… │ 329 │ t… │
│    │                                                         │    │   K │    │
│ 30 │ policy.decoder.context_embedding.proj_agent_feats       │ L… │ 384 │ t… │
│ 31 │ policy.decoder.context_embedding.proj_global_feats      │ L… │ 128 │ t… │
│ 32 │ policy.decoder.context_embedding.project_context        │ L… │ 65… │ t… │
│    │                                                         │    │   K │    │
│ 33 │ policy.decoder.context_embedding.communication_layers   │ S… │ 262 │ t… │
│    │                                                         │    │   K │    │
│ 34 │ policy.decoder.context_embedding.communication_layers.0 │ T… │ 262 │ t… │
│    │                                                         │    │   K │    │
│ 35 │ policy.decoder.context_embedding.norm                   │ N… │ 128 │ t… │
│ 36 │ policy.decoder.context_embedding.norm.normalizer        │ R… │ 128 │ t… │
│ 37 │ policy.decoder.dynamic_embedding                        │ S… │   0 │ t… │
│ 38 │ policy.decoder.pointer                                  │ P… │ 16… │ t… │
│    │                                                         │    │   K │    │
│ 39 │ policy.decoder.pointer.project_out                      │ L… │ 16… │ t… │
│    │                                                         │    │   K │    │
│ 40 │ policy.decoder.project_node_embeddings                  │ L… │ 49… │ t… │
│    │                                                         │    │   K │    │
│ 41 │ policy.decoder.project_fixed_context                    │ L… │ 16… │ t… │
│    │                                                         │    │   K │    │
│ 42 │ baseline                                                │ N… │   0 │ t… │
│ 43 │ projection_head                                         │ M… │ 33… │ t… │
│    │                                                         │    │   K │    │
│ 44 │ projection_head.0                                       │ L… │ 16… │ t… │
│    │                                                         │    │   K │    │
│ 45 │ projection_head.1                                       │ R… │   0 │ t… │
│ 46 │ projection_head.2                                       │ L… │ 16… │ t… │
│    │                                                         │    │   K │    │
└────┴─────────────────────────────────────────────────────────┴────┴─────┴────┘
Trainable params: 1.3 M                                                         
Non-trainable params: 0                                                         
Total params: 1.3 M                                                             
Total estimated model params size (MB): 5                                       
Modules in train mode: 79                                                       
Modules in eval mode: 0                                                         
[[36m2026-09-12 09:21:28,137[0m][[34mrl4co.models.rl.common.base[0m][[32mINFO[0m] - Generating training dataset for next epoch...[0m
[[36m2026-09-12 09:33:17,798[0m][[34mrl4co.models.rl.common.base[0m][[32mINFO[0m] - Generating training dataset for next epoch...[0m
[[36m2026-09-12 09:46:14,751[0m][[34mrl4co.models.rl.common.base[0m][[32mINFO[0m] - Generating training dataset for next epoch...[0m
[[36m2026-09-12 09:58:52,181[0m][[34mrl4co.models.rl.common.base[0m][[32mINFO[0m] - Generating training dataset for next epoch...[0m
[[36m2026-09-12 10:11:48,405[0m][[34mrl4co.models.rl.common.base[0m][[32mINFO[0m] - Generating training dataset for next epoch...[0m
[[36m2026-09-12 10:24:11,593[0m][[34mrl4co.models.rl.common.base[0m][[32mINFO[0m] - Generating training dataset for next epoch...[0m
[[36m2026-09-12 10:37:13,761[0m][[34mrl4co.models.rl.common.base[0m][[32mINFO[0m] - Generating training dataset for next epoch...[0m
[[36m2026-09-12 10:50:16,834[0m][[34mrl4co.models.rl.common.base[0m][[32mINFO[0m] - Generating training dataset for next epoch...[0m
[[36m2026-09-12 11:03:11,242[0m][[34mrl4co.models.rl.common.base[0m][[32mINFO[0m] - Generating training dataset for next epoch...[0m
[[36m2026-09-12 11:16:06,519[0m][[34mrl4co.models.rl.common.base[0m][[32mINFO[0m] - Generating training dataset for next epoch...[0m
[[36m2026-09-12 11:28:56,239[0m][[34mrl4co.models.rl.common.base[0m][[32mINFO[0m] - Generating training dataset for next epoch...[0m
[[36m2026-09-12 11:42:25,948[0m][[34mrl4co.models.rl.common.base[0m][[32mINFO[0m] - Generating training dataset for next epoch...[0m
[[36m2026-09-12 11:55:46,471[0m][[34mrl4co.models.rl.common.base[0m][[32mINFO[0m] - Generating training dataset for next epoch...[0m
[[36m2026-09-12 12:08:53,625[0m][[34mrl4co.models.rl.common.base[0m][[32mINFO[0m] - Generating training dataset for next epoch...[0m
[[36m2026-09-12 12:21:51,398[0m][[34mrl4co.models.rl.common.base[0m][[32mINFO[0m] - Generating training dataset for next epoch...[0m
[[36m2026-09-12 12:34:55,962[0m][[34mrl4co.models.rl.common.base[0m][[32mINFO[0m] - Generating training dataset for next epoch...[0m
[[36m2026-09-12 12:48:20,149[0m][[34mrl4co.models.rl.common.base[0m][[32mINFO[0m] - Generating training dataset for next epoch...[0m
[[36m2026-09-12 13:01:59,407[0m][[34mrl4co.models.rl.common.base[0m][[32mINFO[0m] - Generating training dataset for next epoch...[0m
[[36m2026-09-12 13:16:08,921[0m][[34mrl4co.models.rl.common.base[0m][[32mINFO[0m] - Generating training dataset for next epoch...[0m
[[36m2026-09-12 13:29:48,387[0m][[34mrl4co.models.rl.common.base[0m][[32mINFO[0m] - Generating training dataset for next epoch...[0m
[[36m2026-09-12 13:42:59,941[0m][[34mrl4co.models.rl.common.base[0m][[32mINFO[0m] - Generating training dataset for next epoch...[0m
[[36m2026-09-12 13:55:57,934[0m][[34mrl4co.models.rl.common.base[0m][[32mINFO[0m] - Generating training dataset for next epoch...[0m
[[36m2026-09-12 14:09:37,126[0m][[34mrl4co.models.rl.common.base[0m][[32mINFO[0m] - Generating training dataset for next epoch...[0m
[[36m2026-09-12 14:23:19,379[0m][[34mrl4co.models.rl.common.base[0m][[32mINFO[0m] - Generating training dataset for next epoch...[0m
[[36m2026-09-12 14:36:42,139[0m][[34mrl4co.models.rl.common.base[0m][[32mINFO[0m] - Generating training dataset for next epoch...[0m
[[36m2026-09-12 14:50:03,262[0m][[34mrl4co.models.rl.common.base[0m][[32mINFO[0m] - Generating training dataset for next epoch...[0m
[[36m2026-09-12 15:03:20,953[0m][[34mrl4co.models.rl.common.base[0m][[32mINFO[0m] - Generating training dataset for next epoch...[0m
[[36m2026-09-12 15:17:29,330[0m][[34mrl4co.models.rl.common.base[0m][[32mINFO[0m] - Generating training dataset for next epoch...[0m
[[36m2026-09-12 15:31:10,455[0m][[34mrl4co.models.rl.common.base[0m][[32mINFO[0m] - Generating training dataset for next epoch...[0m
[[36m2026-09-12 15:45:55,621[0m][[34mrl4co.models.rl.common.base[0m][[32mINFO[0m] - Generating training dataset for next epoch...[0m
[[36m2026-09-12 16:00:21,299[0m][[34mrl4co.models.rl.common.base[0m][[32mINFO[0m] - Generating training dataset for next epoch...[0m
[[36m2026-09-12 16:14:03,524[0m][[34mrl4co.models.rl.common.base[0m][[32mINFO[0m] - Generating training dataset for next epoch...[0m
[[36m2026-09-12 16:27:15,638[0m][[34mrl4co.models.rl.common.base[0m][[32mINFO[0m] - Generating training dataset for next epoch...[0m
[[36m2026-09-12 16:41:14,336[0m][[34mrl4co.models.rl.common.base[0m][[32mINFO[0m] - Generating training dataset for next epoch...[0m
[[36m2026-09-12 16:55:10,864[0m][[34mrl4co.models.rl.common.base[0m][[32mINFO[0m] - Generating training dataset for next epoch...[0m
[[36m2026-09-12 17:09:16,920[0m][[34mrl4co.models.rl.common.base[0m][[32mINFO[0m] - Generating training dataset for next epoch...[0m
[[36m2026-09-12 17:23:39,010[0m][[34mrl4co.models.rl.common.base[0m][[32mINFO[0m] - Generating training dataset for next epoch...[0m
[[36m2026-09-12 17:37:41,167[0m][[34mrl4co.models.rl.common.base[0m][[32mINFO[0m] - Generating training dataset for next epoch...[0m
[[36m2026-09-12 17:51:25,267[0m][[34mrl4co.models.rl.common.base[0m][[32mINFO[0m] - Generating training dataset for next epoch...[0m
[[36m2026-09-12 18:04:10,132[0m][[34mrl4co.models.rl.common.base[0m][[32mINFO[0m] - Generating training dataset for next epoch...[0m
[[36m2026-09-12 18:17:43,522[0m][[34mrl4co.models.rl.common.base[0m][[32mINFO[0m] - Generating training dataset for next epoch...[0m
[[36m2026-09-12 18:31:33,068[0m][[34mrl4co.models.rl.common.base[0m][[32mINFO[0m] - Generating training dataset for next epoch...[0m
[[36m2026-09-12 18:45:23,303[0m][[34mrl4co.models.rl.common.base[0m][[32mINFO[0m] - Generating training dataset for next epoch...[0m
[[36m2026-09-12 18:59:42,619[0m][[34mrl4co.models.rl.common.base[0m][[32mINFO[0m] - Generating training dataset for next epoch...[0m
[[36m2026-09-12 19:13:29,481[0m][[34mrl4co.models.rl.common.base[0m][[32mINFO[0m] - Generating training dataset for next epoch...[0m
[[36m2026-09-12 19:27:56,353[0m][[34mrl4co.models.rl.common.base[0m][[32mINFO[0m] - Generating training dataset for next epoch...[0m
[[36m2026-09-12 19:41:17,955[0m][[34mrl4co.models.rl.common.base[0m][[32mINFO[0m] - Generating training dataset for next epoch...[0m
[[36m2026-09-12 19:54:34,700[0m][[34mrl4co.models.rl.common.base[0m][[32mINFO[0m] - Generating training dataset for next epoch...[0m
[[36m2026-09-12 20:08:00,820[0m][[34mrl4co.models.rl.common.base[0m][[32mINFO[0m] - Generating training dataset for next epoch...[0m
[[36m2026-09-12 20:21:58,267[0m][[34mrl4co.models.rl.common.base[0m][[32mINFO[0m] - Generating training dataset for next epoch...[0m
[[36m2026-09-12 20:35:38,841[0m][[34mrl4co.models.rl.common.base[0m][[32mINFO[0m] - Generating training dataset for next epoch...[0m
[[36m2026-09-12 20:49:29,986[0m][[34mrl4co.models.rl.common.base[0m][[32mINFO[0m] - Generating training dataset for next epoch...[0m
[[36m2026-09-12 21:03:42,176[0m][[34mrl4co.models.rl.common.base[0m][[32mINFO[0m] - Generating training dataset for next epoch...[0m
[[36m2026-09-12 21:18:26,726[0m][[34mrl4co.models.rl.common.base[0m][[32mINFO[0m] - Generating training dataset for next epoch...[0m
[[36m2026-09-12 21:33:22,591[0m][[34mrl4co.models.rl.common.base[0m][[32mINFO[0m] - Generating training dataset for next epoch...[0m
[[36m2026-09-12 21:47:46,546[0m][[34mrl4co.models.rl.common.base[0m][[32mINFO[0m] - Generating training dataset for next epoch...[0m
[[36m2026-09-12 22:02:49,093[0m][[34mrl4co.models.rl.common.base[0m][[32mINFO[0m] - Generating training dataset for next epoch...[0m
[[36m2026-09-12 22:17:10,833[0m][[34mrl4co.models.rl.common.base[0m][[32mINFO[0m] - Generating training dataset for next epoch...[0m
[[36m2026-09-12 22:31:19,634[0m][[34mrl4co.models.rl.common.base[0m][[32mINFO[0m] - Generating training dataset for next epoch...[0m
[[36m2026-09-12 22:45:41,780[0m][[34mrl4co.models.rl.common.base[0m][[32mINFO[0m] - Generating training dataset for next epoch...[0m
[[36m2026-09-12 22:59:32,069[0m][[34mrl4co.models.rl.common.base[0m][[32mINFO[0m] - Generating training dataset for next epoch...[0m
[[36m2026-09-12 23:14:24,857[0m][[34mrl4co.models.rl.common.base[0m][[32mINFO[0m] - Generating training dataset for next epoch...[0m
[[36m2026-09-12 23:29:00,415[0m][[34mrl4co.models.rl.common.base[0m][[32mINFO[0m] - Generating training dataset for next epoch...[0m
[[36m2026-09-12 23:43:12,220[0m][[34mrl4co.models.rl.common.base[0m][[32mINFO[0m] - Generating training dataset for next epoch...[0m
[[36m2026-09-12 23:56:31,334[0m][[34mrl4co.models.rl.common.base[0m][[32mINFO[0m] - Generating training dataset for next epoch...[0m
[[36m2026-09-13 00:11:15,750[0m][[34mrl4co.models.rl.common.base[0m][[32mINFO[0m] - Generating training dataset for next epoch...[0m
[[36m2026-09-13 00:25:47,615[0m][[34mrl4co.models.rl.common.base[0m][[32mINFO[0m] - Generating training dataset for next epoch...[0m
[[36m2026-09-13 00:39:53,824[0m][[34mrl4co.models.rl.common.base[0m][[32mINFO[0m] - Generating training dataset for next epoch...[0m
[[36m2026-09-13 00:54:06,096[0m][[34mrl4co.models.rl.common.base[0m][[32mINFO[0m] - Generating training dataset for next epoch...[0m
[[36m2026-09-13 01:08:06,720[0m][[34mrl4co.models.rl.common.base[0m][[32mINFO[0m] - Generating training dataset for next epoch...[0m
[[36m2026-09-13 01:21:47,114[0m][[34mrl4co.models.rl.common.base[0m][[32mINFO[0m] - Generating training dataset for next epoch...[0m
[[36m2026-09-13 01:35:23,139[0m][[34mrl4co.models.rl.common.base[0m][[32mINFO[0m] - Generating training dataset for next epoch...[0m
[[36m2026-09-13 01:49:00,393[0m][[34mrl4co.models.rl.common.base[0m][[32mINFO[0m] - Generating training dataset for next epoch...[0m
[[36m2026-09-13 02:02:54,120[0m][[34mrl4co.models.rl.common.base[0m][[32mINFO[0m] - Generating training dataset for next epoch...[0m
[[36m2026-09-13 02:16:56,084[0m][[34mrl4co.models.rl.common.base[0m][[32mINFO[0m] - Generating training dataset for next epoch...[0m
[[36m2026-09-13 02:30:38,265[0m][[34mrl4co.models.rl.common.base[0m][[32mINFO[0m] - Generating training dataset for next epoch...[0m
[[36m2026-09-13 02:44:55,052[0m][[34mrl4co.models.rl.common.base[0m][[32mINFO[0m] - Generating training dataset for next epoch...[0m
[[36m2026-09-13 02:59:08,140[0m][[34mrl4co.models.rl.common.base[0m][[32mINFO[0m] - Generating training dataset for next epoch...[0m
[[36m2026-09-13 03:12:57,089[0m][[34mrl4co.models.rl.common.base[0m][[32mINFO[0m] - Generating training dataset for next epoch...[0m
[[36m2026-09-13 03:26:38,256[0m][[34mrl4co.models.rl.common.base[0m][[32mINFO[0m] - Generating training dataset for next epoch...[0m
[[36m2026-09-13 03:41:31,175[0m][[34mrl4co.models.rl.common.base[0m][[32mINFO[0m] - Generating training dataset for next epoch...[0m
[[36m2026-09-13 03:56:06,412[0m][[34mrl4co.models.rl.common.base[0m][[32mINFO[0m] - Generating training dataset for next epoch...[0m
[[36m2026-09-13 04:10:59,985[0m][[34mrl4co.models.rl.common.base[0m][[32mINFO[0m] - Generating training dataset for next epoch...[0m
[[36m2026-09-13 04:25:26,606[0m][[34mrl4co.models.rl.common.base[0m][[32mINFO[0m] - Generating training dataset for next epoch...[0m
[[36m2026-09-13 04:39:42,666[0m][[34mrl4co.models.rl.common.base[0m][[32mINFO[0m] - Generating training dataset for next epoch...[0m
[[36m2026-09-13 04:54:27,297[0m][[34mrl4co.models.rl.common.base[0m][[32mINFO[0m] - Generating training dataset for next epoch...[0m
[[36m2026-09-13 05:09:36,449[0m][[34mrl4co.models.rl.common.base[0m][[32mINFO[0m] - Generating training dataset for next epoch...[0m
[[36m2026-09-13 05:24:38,828[0m][[34mrl4co.models.rl.common.base[0m][[32mINFO[0m] - Generating training dataset for next epoch...[0m
[[36m2026-09-13 05:39:44,207[0m][[34mrl4co.models.rl.common.base[0m][[32mINFO[0m] - Generating training dataset for next epoch...[0m
[[36m2026-09-13 05:54:31,757[0m][[34mrl4co.models.rl.common.base[0m][[32mINFO[0m] - Generating training dataset for next epoch...[0m
[[36m2026-09-13 06:09:20,463[0m][[34mrl4co.models.rl.common.base[0m][[32mINFO[0m] - Generating training dataset for next epoch...[0m
[[36m2026-09-13 06:24:18,848[0m][[34mrl4co.models.rl.common.base[0m][[32mINFO[0m] - Generating training dataset for next epoch...[0m
[[36m2026-09-13 06:39:11,145[0m][[34mrl4co.models.rl.common.base[0m][[32mINFO[0m] - Generating training dataset for next epoch...[0m
[[36m2026-09-13 06:54:03,797[0m][[34mrl4co.models.rl.common.base[0m][[32mINFO[0m] - Generating training dataset for next epoch...[0m
[[36m2026-09-13 07:08:58,752[0m][[34mrl4co.models.rl.common.base[0m][[32mINFO[0m] - Generating training dataset for next epoch...[0m
[[36m2026-09-13 07:24:04,708[0m][[34mrl4co.models.rl.common.base[0m][[32mINFO[0m] - Generating training dataset for next epoch...[0m
[[36m2026-09-13 07:39:13,430[0m][[34mrl4co.models.rl.common.base[0m][[32mINFO[0m] - Generating training dataset for next epoch...[0m
[[36m2026-09-13 07:54:09,603[0m][[34mrl4co.models.rl.common.base[0m][[32mINFO[0m] - Generating training dataset for next epoch...[0m
[[36m2026-09-13 08:09:15,190[0m][[34mrl4co.models.rl.common.base[0m][[32mINFO[0m] - Generating training dataset for next epoch...[0m
Epoch 99/99 ━━━━━━━━━━━━━━━ 1042/1042 0:09:58 •       2.04it/s v_num: nkgd      
                                      0:00:00                  train/reward:    
                                                               -6.226           
                                                               train/halting_ra…
                                                               0.000 train/loss:
                                                               -0.069           
                                                               val/reward/n60_m…
                                                               -7.724           
                                                               val/halting_rati…
                                                               0.000            
                                                               val/reward/n60_m…
                                                               -4.915           
                                                               val/halting_rati…
                                                               0.000            
                                                               val/reward/n60_m…
                                                               -3.888           
                                                               val/halting_rati…
                                                               0.000            
                                                               val/reward/n80_m…
                                                               -9.843           
                                                               val/halting_rati…
                                                               0.000            
                                                               val/reward/n80_m…
                                                               -6.123           
                                                               val/halting_rati…
                                                               0.000            
                                                               val/reward/n80_m…
                                                               -4.649           
                                                               val/halting_rati…
                                                               0.000            
                                                               val/reward/n100_…
                                                               -11.706          
                                                               val/halting_rati…
                                                               0.000            
                                                               val/reward/n100_…
                                                               -7.141           
                                                               val/halting_rati…
                                                               0.000            
                                                               val/reward/n100_…
                                                               -5.351           
                                                               val/halting_rati…
                                                               0.000            
[[36m2026-09-13 08:24:17,069[0m][[34m__main__[0m][[32mINFO[0m] - Starting testing![0m
[[36m2026-09-13 08:24:17,116[0m][[34mrl4co.models.rl.common.base[0m][[32mINFO[0m] - Setting up batch sizes for train/val/test[0m
[[36m2026-09-13 08:24:17,117[0m][[34mrl4co.models.rl.common.base[0m][[32mINFO[0m] - Setting up datasets[0m
[[36m2026-09-13 08:24:19,467[0m][[34mrl4co.envs.common.base[0m][[32mINFO[0m] - Loading val dataset from ['/home/athota/parco/data/hcvrp/n60_m3_seed24610.npz', '/home/athota/parco/data/hcvrp/n60_m5_seed24610.npz', '/home/athota/parco/data/hcvrp/n60_m7_seed24610.npz', '/home/athota/parco/data/hcvrp/n80_m3_seed24610.npz', '/home/athota/parco/data/hcvrp/n80_m5_seed24610.npz', '/home/athota/parco/data/hcvrp/n80_m7_seed24610.npz', '/home/athota/parco/data/hcvrp/n100_m3_seed24610.npz', '/home/athota/parco/data/hcvrp/n100_m5_seed24610.npz', '/home/athota/parco/data/hcvrp/n100_m7_seed24610.npz'][0m
[[36m2026-09-13 08:24:19,615[0m][[34mrl4co.envs.common.base[0m][[32mINFO[0m] - Loading test dataset from ['/home/athota/parco/data/hcvrp/n60_m3_seed24610.npz', '/home/athota/parco/data/hcvrp/n60_m5_seed24610.npz', '/home/athota/parco/data/hcvrp/n60_m7_seed24610.npz', '/home/athota/parco/data/hcvrp/n80_m3_seed24610.npz', '/home/athota/parco/data/hcvrp/n80_m5_seed24610.npz', '/home/athota/parco/data/hcvrp/n80_m7_seed24610.npz', '/home/athota/parco/data/hcvrp/n100_m3_seed24610.npz', '/home/athota/parco/data/hcvrp/n100_m5_seed24610.npz', '/home/athota/parco/data/hcvrp/n100_m7_seed24610.npz'][0m
┏━━━━━━━━━━━━━━━━━━━┳━━━━━━━━━━━━━━━━━━━┳━━━━━━━━━━━━━━━━━━┳━━━━━━━━━━━━━━━━━━━┓
┃    Test metric    ┃   DataLoader 0    ┃   DataLoader 1   ┃   DataLoader 2    ┃
┡━━━━━━━━━━━━━━━━━━━╇━━━━━━━━━━━━━━━━━━━╇━━━━━━━━━━━━━━━━━━╇━━━━━━━━━━━━━━━━━━━┩
│ test/halting_rat… │                   │                  │                   │
│ test/halting_rat… │                   │                  │                   │
│ test/halting_rat… │                   │                  │                   │
│ test/halting_rat… │        0.0        │                  │                   │
│ test/halting_rat… │                   │       0.0        │                   │
│ test/halting_rat… │                   │                  │        0.0        │
│ test/halting_rat… │                   │                  │                   │
│ test/halting_rat… │                   │                  │                   │
│ test/halting_rat… │                   │                  │                   │
│ test/reward/n100… │                   │                  │                   │
│ test/reward/n100… │                   │                  │                   │
│ test/reward/n100… │                   │                  │                   │
│ test/reward/n60_… │ -7.7218780517578… │                  │                   │
│ test/reward/n60_… │                   │ -4.900240421295… │                   │
│ test/reward/n60_… │                   │                  │ -3.8976428508758… │
│ test/reward/n80_… │                   │                  │                   │
│ test/reward/n80_… │                   │                  │                   │
│ test/reward/n80_… │                   │                  │                   │
└───────────────────┴───────────────────┴──────────────────┴───────────────────┘
┏━━━━━━━━━━━━━━━━━━━┳━━━━━━━━━━━━━━━━━━━┳━━━━━━━━━━━━━━━━━━┳━━━━━━━━━━━━━━━━━━━┓
┃    Test metric    ┃   DataLoader 3    ┃   DataLoader 4   ┃   DataLoader 5    ┃
┡━━━━━━━━━━━━━━━━━━━╇━━━━━━━━━━━━━━━━━━━╇━━━━━━━━━━━━━━━━━━╇━━━━━━━━━━━━━━━━━━━┩
│ test/halting_rat… │                   │                  │                   │
│ test/halting_rat… │                   │                  │                   │
│ test/halting_rat… │                   │                  │                   │
│ test/halting_rat… │                   │                  │                   │
│ test/halting_rat… │                   │                  │                   │
│ test/halting_rat… │                   │                  │                   │
│ test/halting_rat… │        0.0        │                  │                   │
│ test/halting_rat… │                   │       0.0        │                   │
│ test/halting_rat… │                   │                  │        0.0        │
│ test/reward/n100… │                   │                  │                   │
│ test/reward/n100… │                   │                  │                   │
│ test/reward/n100… │                   │                  │                   │
│ test/reward/n60_… │                   │                  │                   │
│ test/reward/n60_… │                   │                  │                   │
│ test/reward/n60_… │                   │                  │                   │
│ test/reward/n80_… │ -9.8804807662963… │                  │                   │
│ test/reward/n80_… │                   │ -6.150934219360… │                   │
│ test/reward/n80_… │                   │                  │ -4.6602058410644… │
└───────────────────┴───────────────────┴──────────────────┴───────────────────┘
┏━━━━━━━━━━━━━━━━━━━┳━━━━━━━━━━━━━━━━━━━┳━━━━━━━━━━━━━━━━━━┳━━━━━━━━━━━━━━━━━━━┓
┃    Test metric    ┃   DataLoader 6    ┃   DataLoader 7   ┃   DataLoader 8    ┃
┡━━━━━━━━━━━━━━━━━━━╇━━━━━━━━━━━━━━━━━━━╇━━━━━━━━━━━━━━━━━━╇━━━━━━━━━━━━━━━━━━━┩
│ test/halting_rat… │        0.0        │                  │                   │
│ test/halting_rat… │                   │       0.0        │                   │
│ test/halting_rat… │                   │                  │        0.0        │
│ test/halting_rat… │                   │                  │                   │
│ test/halting_rat… │                   │                  │                   │
│ test/halting_rat… │                   │                  │                   │
│ test/halting_rat… │                   │                  │                   │
│ test/halting_rat… │                   │                  │                   │
│ test/halting_rat… │                   │                  │                   │
│ test/reward/n100… │ -11.717627525329… │                  │                   │
│ test/reward/n100… │                   │ -7.152126789093… │                   │
│ test/reward/n100… │                   │                  │ -5.3577485084533… │
│ test/reward/n60_… │                   │                  │                   │
│ test/reward/n60_… │                   │                  │                   │
│ test/reward/n60_… │                   │                  │                   │
│ test/reward/n80_… │                   │                  │                   │
│ test/reward/n80_… │                   │                  │                   │
│ test/reward/n80_… │                   │                  │                   │
└───────────────────┴───────────────────┴──────────────────┴───────────────────┘
Testing ━━━━━━━━━━━━━━━━━━━━━━━━━━━━━━━━━━━━━ 14/14 0:00:03 • 0:00:00 4.19it/s 
[[36m2026-09-13 08:27:44,278[0m][[34m__main__[0m][[32mINFO[0m] - Best ckpt path: /home/athota/parco/logs/train/runs/hcvrp_n100_m7/parco_joint/2026-09-12_09-09-10/checkpoints/epoch_089.ckpt[0m
[[36m2026-09-13 08:27:44,279[0m][[34mrl4co.utils.utils[0m][[32mINFO[0m] - Output dir: /home/athota/parco/logs/train/runs/hcvrp_n100_m7/parco_joint/2026-09-12_09-09-10[0m
[[36m2026-09-13 08:27:44,279[0m][[34mrl4co.utils.utils[0m][[32mINFO[0m] - Closing loggers...[0m
[[36m2026-09-13 08:27:44,280[0m][[34mrl4co.utils.utils[0m][[32mINFO[0m] - Closing wandb![0m
[[36m2026-09-13 08:27:44,288[0m][[34mrl4co.utils.utils[0m][[32mINFO[0m] - Metric name is None! Skipping metric value retrieval...[0m
