[rank: 0] Seed set to 1234
/home/athota/parco/.venv/lib/python3.13/site-packages/torchrl/data/replay_buffers/samplers.py:37: UserWarning: Failed to import torchrl C++ binaries. Some modules (eg, prioritized replay buffers) may not work with your installation. This is likely due to a discrepancy between your package version and the PyTorch version. Make sure both are compatible. Usually, torchrl majors follow the pytorch majors within a few days around the release. For instance, TorchRL 0.5 requires PyTorch 2.4.0, and TorchRL 0.6 requires PyTorch 2.5.0.
  warnings.warn(EXTENSION_WARNING)
/home/athota/parco/.venv/lib/python3.13/site-packages/lightning/pytorch/utilities/parsing.py:209: Attribute 'env' is an instance of `nn.Module` and is already saved during checkpointing. It is recommended to ignore them using `self.save_hyperparameters(ignore=['env'])`.
/home/athota/parco/.venv/lib/python3.13/site-packages/lightning/pytorch/utilities/parsing.py:209: Attribute 'policy' is an instance of `nn.Module` and is already saved during checkpointing. It is recommended to ignore them using `self.save_hyperparameters(ignore=['policy'])`.
Using 16bit Automatic Mixed Precision (AMP)
Trainer already configured with model summary callbacks: [<class 'lightning.pytorch.callbacks.rich_model_summary.RichModelSummary'>]. Skipping setting a default `ModelSummary` callback.
GPU available: True (cuda), used: True
TPU available: False, using: 0 TPU cores
HPU available: False, using: 0 HPUs
wandb: WARNING `resume` will be ignored since W&B syncing is set to `offline`. Starting a new run with run id bsplifof.
wandb: Tracking run with wandb version 0.19.10
wandb: W&B syncing is set to `offline` in this directory. Run `wandb online` or set WANDB_MODE=online to enable cloud syncing.
Initializing distributed: GLOBAL_RANK: 0, MEMBER: 1/1
----------------------------------------------------------------------------------------------------
distributed_backend=nccl
All distributed processes registered. Starting with 1 processes
----------------------------------------------------------------------------------------------------

LOCAL_RANK: 0 - CUDA_VISIBLE_DEVICES: [0,1,2,3,4,5]
/home/athota/parco/.venv/lib/python3.13/site-packages/torch/distributed/algorithms/ddp_comm_hooks/__init__.py:54: FutureWarning: functools.partial will be a method descriptor in future Python versions; wrap it in enum.member() if you want to preserve the old behavior
  ALLREDUCE = partial(_ddp_comm_hook_wrapper, comm_hook=default.allreduce_hook)
/home/athota/parco/.venv/lib/python3.13/site-packages/torch/distributed/algorithms/ddp_comm_hooks/__init__.py:55: FutureWarning: functools.partial will be a method descriptor in future Python versions; wrap it in enum.member() if you want to preserve the old behavior
  FP16_COMPRESS = partial(
/home/athota/parco/.venv/lib/python3.13/site-packages/torch/distributed/algorithms/ddp_comm_hooks/__init__.py:58: FutureWarning: functools.partial will be a method descriptor in future Python versions; wrap it in enum.member() if you want to preserve the old behavior
  BF16_COMPRESS = partial(
/home/athota/parco/.venv/lib/python3.13/site-packages/torch/distributed/algorithms/ddp_comm_hooks/__init__.py:61: FutureWarning: functools.partial will be a method descriptor in future Python versions; wrap it in enum.member() if you want to preserve the old behavior
  QUANTIZE_PER_TENSOR = partial(
/home/athota/parco/.venv/lib/python3.13/site-packages/torch/distributed/algorithms/ddp_comm_hooks/__init__.py:64: FutureWarning: functools.partial will be a method descriptor in future Python versions; wrap it in enum.member() if you want to preserve the old behavior
  QUANTIZE_PER_CHANNEL = partial(
/home/athota/parco/.venv/lib/python3.13/site-packages/torch/distributed/algorithms/ddp_comm_hooks/__init__.py:67: FutureWarning: functools.partial will be a method descriptor in future Python versions; wrap it in enum.member() if you want to preserve the old behavior
  POWER_SGD = partial(
/home/athota/parco/.venv/lib/python3.13/site-packages/torch/distributed/algorithms/ddp_comm_hooks/__init__.py:74: FutureWarning: functools.partial will be a method descriptor in future Python versions; wrap it in enum.member() if you want to preserve the old behavior
  POWER_SGD_RANK2 = partial(
/home/athota/parco/.venv/lib/python3.13/site-packages/torch/distributed/algorithms/ddp_comm_hooks/__init__.py:80: FutureWarning: functools.partial will be a method descriptor in future Python versions; wrap it in enum.member() if you want to preserve the old behavior
  BATCHED_POWER_SGD = partial(
/home/athota/parco/.venv/lib/python3.13/site-packages/torch/distributed/algorithms/ddp_comm_hooks/__init__.py:85: FutureWarning: functools.partial will be a method descriptor in future Python versions; wrap it in enum.member() if you want to preserve the old behavior
  BATCHED_POWER_SGD_RANK2 = partial(
/home/athota/parco/.venv/lib/python3.13/site-packages/torch/distributed/algorithms/ddp_comm_hooks/__init__.py:90: FutureWarning: functools.partial will be a method descriptor in future Python versions; wrap it in enum.member() if you want to preserve the old behavior
  NOOP = partial(
SLURM auto-requeueing enabled. Setting signal handlers.
/home/athota/parco/.venv/lib/python3.13/site-packages/lightning/pytorch/trainer/connectors/data_connector.py:420: Consider setting `persistent_workers=True` in 'val_dataloader' to speed up the dataloader worker initialization.
/home/athota/parco/.venv/lib/python3.13/site-packages/lightning/pytorch/trainer/connectors/data_connector.py:420: Consider setting `persistent_workers=True` in 'train_dataloader' to speed up the dataloader worker initialization.
wandb:                                                                                
wandb: 
wandb: Run history:
wandb:                     epoch ▁▁▁▃▃▃▃▆▆▆██
wandb:                   lr-Adam ▁▁▁▁
wandb:            time/epoch (s) ▃▁█
wandb:      time/inter_step (ms) ▁▁▁▁▁▁▁▁▁▁▁▁▁▁▁▁▁▁▁▁▁▁▁▁▁▁▁▁▁▁▁▁▁▁▁▁████
wandb:      time/intra_step (ms) ▁▁▁▁▁▁▁▁▁▁▁▁▁▁▁▂▁▁▁▁▁▁▁▁▁▁▁▁▁▁▁▁▁▁▁█████
wandb:       train/halting_ratio ▅▄█▃▂▁▂▂▁
wandb:                train/loss ▆█▇▁▇▅▇▅█
wandb:           train/pos_ratio ▂▁▁▃▆▆▆▆█
wandb:              train/reward ▃▄▆▁█▃▇█▅
wandb:       trainer/global_step ▁▁▁▁▁▂▂▂▂▃▃▃▄▄▄▄▅▅▅▅▅▅▆▆▆▆▆▆▆▇▇▇▇▇██████
wandb: val/halting_ratio/n100_m3 ▁█▁
wandb: val/halting_ratio/n100_m5 ▇█▁
wandb: val/halting_ratio/n100_m7 ▁█▄
wandb:  val/halting_ratio/n60_m3 ▂█▁
wandb:  val/halting_ratio/n60_m5 ▇█▁
wandb:  val/halting_ratio/n60_m7 ▁█▇
wandb:  val/halting_ratio/n80_m3 ▄█▁
wandb:  val/halting_ratio/n80_m5 ▁█▅
wandb:  val/halting_ratio/n80_m7 ▁█▇
wandb:     val/pos_ratio/n100_m3 █▁▂
wandb:     val/pos_ratio/n100_m5 ▅▁█
wandb:     val/pos_ratio/n100_m7 ▁▅█
wandb:      val/pos_ratio/n60_m3 █▁▂
wandb:      val/pos_ratio/n60_m5 ▂▁█
wandb:      val/pos_ratio/n60_m7 ▁█▅
wandb:      val/pos_ratio/n80_m3 █▁▅
wandb:      val/pos_ratio/n80_m5 █▁▂
wandb:      val/pos_ratio/n80_m7 █▄▁
wandb:        val/reward/n100_m3 ▁█▇
wandb:        val/reward/n100_m5 ▁██
wandb:        val/reward/n100_m7 ▁██
wandb:         val/reward/n60_m3 ▁██
wandb:         val/reward/n60_m5 ▁██
wandb:         val/reward/n60_m7 ▁█▇
wandb:         val/reward/n80_m3 ▁██
wandb:         val/reward/n80_m5 ▁██
wandb:         val/reward/n80_m7 ▁██
wandb: 
wandb: Run summary:
wandb:                     epoch 3
wandb:                   lr-Adam 0.0001
wandb:            time/epoch (s) 1471.31375
wandb:      time/inter_step (ms) 69.28444
wandb:      time/intra_step (ms) 6499.55988
wandb:       train/halting_ratio 0.0028
wandb:                train/loss 0.28111
wandb:           train/pos_ratio 0.96201
wandb:              train/reward -10.03778
wandb:       trainer/global_step 449
wandb: val/halting_ratio/n100_m3 0.03012
wandb: val/halting_ratio/n100_m5 0.06066
wandb: val/halting_ratio/n100_m7 0.09185
wandb:  val/halting_ratio/n60_m3 0.05597
wandb:  val/halting_ratio/n60_m5 0.11763
wandb:  val/halting_ratio/n60_m7 0.18649
wandb:  val/halting_ratio/n80_m3 0.0364
wandb:  val/halting_ratio/n80_m5 0.0806
wandb:  val/halting_ratio/n80_m7 0.1277
wandb:     val/pos_ratio/n100_m3 0.64353
wandb:     val/pos_ratio/n100_m5 0.72892
wandb:     val/pos_ratio/n100_m7 0.74006
wandb:      val/pos_ratio/n60_m3 0.60019
wandb:      val/pos_ratio/n60_m5 0.64672
wandb:      val/pos_ratio/n60_m7 0.62598
wandb:      val/pos_ratio/n80_m3 0.66017
wandb:      val/pos_ratio/n80_m5 0.69589
wandb:      val/pos_ratio/n80_m7 0.69515
wandb:        val/reward/n100_m3 -18.37478
wandb:        val/reward/n100_m5 -10.49905
wandb:        val/reward/n100_m7 -7.89272
wandb:         val/reward/n60_m3 -10.58379
wandb:         val/reward/n60_m5 -6.97654
wandb:         val/reward/n60_m7 -5.61869
wandb:         val/reward/n80_m3 -14.20082
wandb:         val/reward/n80_m5 -8.79278
wandb:         val/reward/n80_m7 -6.87416
wandb: 
wandb: You can sync this run to the cloud by running:
wandb: wandb sync /home/athota/parco/logs/train/runs/hcvrp_n100_m7/parco_wait_token/2026-09-11_01-33-51/wandb/offline-run-20260911_013355-bsplifof
wandb: Find logs at: ./logs/train/runs/hcvrp_n100_m7/parco_wait_token/2026-09-11_01-33-51/wandb/offline-run-20260911_013355-bsplifof/logs
Error executing job with overrides: ['experiment=hcvrp_wait_token', 'logger.wandb.offline=True', 'model.batch_size=8', 'model.val_batch_size=8', 'model.test_batch_size=8', 'model.num_augment=4', '+model.dataloader_num_workers=5', '+trainer.accumulate_grad_batches=16']
Traceback (most recent call last):
  File "/home/athota/parco/train.py", line 104, in train
    metric_dict, _ = run(cfg)
                     ~~~^^^^^
  File "/home/athota/parco/.venv/lib/python3.13/site-packages/rl4co/utils/utils.py", line 51, in wrap
    raise ex
  File "/home/athota/parco/.venv/lib/python3.13/site-packages/rl4co/utils/utils.py", line 41, in wrap
    metric_dict, object_dict = task_func(cfg=cfg)
                               ~~~~~~~~~^^^^^^^^^
  File "/home/athota/parco/train.py", line 76, in run
    trainer.fit(model=model, ckpt_path=cfg.get("ckpt_path"))
    ~~~~~~~~~~~^^^^^^^^^^^^^^^^^^^^^^^^^^^^^^^^^^^^^^^^^^^^^
  File "/home/athota/parco/.venv/lib/python3.13/site-packages/rl4co/utils/trainer.py", line 146, in fit
    super().fit(
    ~~~~~~~~~~~^
        model=model,
        ^^^^^^^^^^^^
    ...<3 lines>...
        ckpt_path=ckpt_path,
        ^^^^^^^^^^^^^^^^^^^^
    )
    ^
  File "/home/athota/parco/.venv/lib/python3.13/site-packages/lightning/pytorch/trainer/trainer.py", line 561, in fit
    call._call_and_handle_interrupt(
    ~~~~~~~~~~~~~~~~~~~~~~~~~~~~~~~^
        self, self._fit_impl, model, train_dataloaders, val_dataloaders, datamodule, ckpt_path
        ^^^^^^^^^^^^^^^^^^^^^^^^^^^^^^^^^^^^^^^^^^^^^^^^^^^^^^^^^^^^^^^^^^^^^^^^^^^^^^^^^^^^^^
    )
    ^
  File "/home/athota/parco/.venv/lib/python3.13/site-packages/lightning/pytorch/trainer/call.py", line 47, in _call_and_handle_interrupt
    return trainer.strategy.launcher.launch(trainer_fn, *args, trainer=trainer, **kwargs)
           ~~~~~~~~~~~~~~~~~~~~~~~~~~~~~~~~^^^^^^^^^^^^^^^^^^^^^^^^^^^^^^^^^^^^^^^^^^^^^^
  File "/home/athota/parco/.venv/lib/python3.13/site-packages/lightning/pytorch/strategies/launchers/subprocess_script.py", line 105, in launch
    return function(*args, **kwargs)
  File "/home/athota/parco/.venv/lib/python3.13/site-packages/lightning/pytorch/trainer/trainer.py", line 599, in _fit_impl
    self._run(model, ckpt_path=ckpt_path)
    ~~~~~~~~~^^^^^^^^^^^^^^^^^^^^^^^^^^^^
  File "/home/athota/parco/.venv/lib/python3.13/site-packages/lightning/pytorch/trainer/trainer.py", line 1012, in _run
    results = self._run_stage()
  File "/home/athota/parco/.venv/lib/python3.13/site-packages/lightning/pytorch/trainer/trainer.py", line 1056, in _run_stage
    self.fit_loop.run()
    ~~~~~~~~~~~~~~~~~^^
  File "/home/athota/parco/.venv/lib/python3.13/site-packages/lightning/pytorch/loops/fit_loop.py", line 216, in run
    self.advance()
    ~~~~~~~~~~~~^^
  File "/home/athota/parco/.venv/lib/python3.13/site-packages/lightning/pytorch/loops/fit_loop.py", line 455, in advance
    self.epoch_loop.run(self._data_fetcher)
    ~~~~~~~~~~~~~~~~~~~^^^^^^^^^^^^^^^^^^^^
  File "/home/athota/parco/.venv/lib/python3.13/site-packages/lightning/pytorch/loops/training_epoch_loop.py", line 150, in run
    self.advance(data_fetcher)
    ~~~~~~~~~~~~^^^^^^^^^^^^^^
  File "/home/athota/parco/.venv/lib/python3.13/site-packages/lightning/pytorch/loops/training_epoch_loop.py", line 320, in advance
    batch_output = self.automatic_optimization.run(trainer.optimizers[0], batch_idx, kwargs)
  File "/home/athota/parco/.venv/lib/python3.13/site-packages/lightning/pytorch/loops/optimization/automatic.py", line 192, in run
    self._optimizer_step(batch_idx, closure)
    ~~~~~~~~~~~~~~~~~~~~^^^^^^^^^^^^^^^^^^^^
  File "/home/athota/parco/.venv/lib/python3.13/site-packages/lightning/pytorch/loops/optimization/automatic.py", line 270, in _optimizer_step
    call._call_lightning_module_hook(
    ~~~~~~~~~~~~~~~~~~~~~~~~~~~~~~~~^
        trainer,
        ^^^^^^^^
    ...<4 lines>...
        train_step_and_backward_closure,
        ^^^^^^^^^^^^^^^^^^^^^^^^^^^^^^^^
    )
    ^
  File "/home/athota/parco/.venv/lib/python3.13/site-packages/lightning/pytorch/trainer/call.py", line 176, in _call_lightning_module_hook
    output = fn(*args, **kwargs)
  File "/home/athota/parco/.venv/lib/python3.13/site-packages/lightning/pytorch/core/module.py", line 1302, in optimizer_step
    optimizer.step(closure=optimizer_closure)
    ~~~~~~~~~~~~~~^^^^^^^^^^^^^^^^^^^^^^^^^^^
  File "/home/athota/parco/.venv/lib/python3.13/site-packages/lightning/pytorch/core/optimizer.py", line 154, in step
    step_output = self._strategy.optimizer_step(self._optimizer, closure, **kwargs)
  File "/home/athota/parco/.venv/lib/python3.13/site-packages/lightning/pytorch/strategies/ddp.py", line 270, in optimizer_step
    optimizer_output = super().optimizer_step(optimizer, closure, model, **kwargs)
  File "/home/athota/parco/.venv/lib/python3.13/site-packages/lightning/pytorch/strategies/strategy.py", line 239, in optimizer_step
    return self.precision_plugin.optimizer_step(optimizer, model=model, closure=closure, **kwargs)
           ~~~~~~~~~~~~~~~~~~~~~~~~~~~~~~~~~~~~^^^^^^^^^^^^^^^^^^^^^^^^^^^^^^^^^^^^^^^^^^^^^^^^^^^
  File "/home/athota/parco/.venv/lib/python3.13/site-packages/lightning/pytorch/plugins/precision/amp.py", line 79, in optimizer_step
    closure_result = closure()
  File "/home/athota/parco/.venv/lib/python3.13/site-packages/lightning/pytorch/loops/optimization/automatic.py", line 146, in __call__
    self._result = self.closure(*args, **kwargs)
                   ~~~~~~~~~~~~^^^^^^^^^^^^^^^^^
  File "/home/athota/parco/.venv/lib/python3.13/site-packages/torch/utils/_contextlib.py", line 116, in decorate_context
    return func(*args, **kwargs)
  File "/home/athota/parco/.venv/lib/python3.13/site-packages/lightning/pytorch/loops/optimization/automatic.py", line 131, in closure
    step_output = self._step_fn()
  File "/home/athota/parco/.venv/lib/python3.13/site-packages/lightning/pytorch/loops/optimization/automatic.py", line 319, in _training_step
    training_step_output = call._call_strategy_hook(trainer, "training_step", *kwargs.values())
  File "/home/athota/parco/.venv/lib/python3.13/site-packages/lightning/pytorch/trainer/call.py", line 328, in _call_strategy_hook
    output = fn(*args, **kwargs)
  File "/home/athota/parco/.venv/lib/python3.13/site-packages/lightning/pytorch/strategies/strategy.py", line 390, in training_step
    return self._forward_redirection(self.model, self.lightning_module, "training_step", *args, **kwargs)
           ~~~~~~~~~~~~~~~~~~~~~~~~~^^^^^^^^^^^^^^^^^^^^^^^^^^^^^^^^^^^^^^^^^^^^^^^^^^^^^^^^^^^^^^^^^^^^^
  File "/home/athota/parco/.venv/lib/python3.13/site-packages/lightning/pytorch/strategies/strategy.py", line 641, in __call__
    wrapper_output = wrapper_module(*args, **kwargs)
  File "/home/athota/parco/.venv/lib/python3.13/site-packages/torch/nn/modules/module.py", line 1751, in _wrapped_call_impl
    return self._call_impl(*args, **kwargs)
           ~~~~~~~~~~~~~~~^^^^^^^^^^^^^^^^^
  File "/home/athota/parco/.venv/lib/python3.13/site-packages/torch/nn/modules/module.py", line 1762, in _call_impl
    return forward_call(*args, **kwargs)
  File "/home/athota/parco/.venv/lib/python3.13/site-packages/torch/nn/parallel/distributed.py", line 1637, in forward
    else self._run_ddp_forward(*inputs, **kwargs)
         ~~~~~~~~~~~~~~~~~~~~~^^^^^^^^^^^^^^^^^^^
  File "/home/athota/parco/.venv/lib/python3.13/site-packages/torch/nn/parallel/distributed.py", line 1464, in _run_ddp_forward
    return self.module(*inputs, **kwargs)  # type: ignore[index]
           ~~~~~~~~~~~^^^^^^^^^^^^^^^^^^^
  File "/home/athota/parco/.venv/lib/python3.13/site-packages/torch/nn/modules/module.py", line 1751, in _wrapped_call_impl
    return self._call_impl(*args, **kwargs)
           ~~~~~~~~~~~~~~~^^^^^^^^^^^^^^^^^
  File "/home/athota/parco/.venv/lib/python3.13/site-packages/torch/nn/modules/module.py", line 1762, in _call_impl
    return forward_call(*args, **kwargs)
  File "/home/athota/parco/.venv/lib/python3.13/site-packages/lightning/pytorch/strategies/strategy.py", line 634, in wrapped_forward
    out = method(*_args, **_kwargs)
  File "/home/athota/parco/.venv/lib/python3.13/site-packages/rl4co/models/rl/common/base.py", line 258, in training_step
    return self.shared_step(batch, batch_idx, phase="train")
           ~~~~~~~~~~~~~~~~^^^^^^^^^^^^^^^^^^^^^^^^^^^^^^^^^
  File "/home/athota/parco/parco/models/rl.py", line 115, in shared_step
    out = self.policy(
        td,
    ...<2 lines>...
        return_init_embeds=True,
    )
  File "/home/athota/parco/.venv/lib/python3.13/site-packages/torch/nn/modules/module.py", line 1751, in _wrapped_call_impl
    return self._call_impl(*args, **kwargs)
           ~~~~~~~~~~~~~~~^^^^^^^^^^^^^^^^^
  File "/home/athota/parco/.venv/lib/python3.13/site-packages/torch/nn/modules/module.py", line 1762, in _call_impl
    return forward_call(*args, **kwargs)
  File "/home/athota/parco/parco/models/policy.py", line 194, in forward
    td = decode_strategy.step(
        logits,
    ...<2 lines>...
        action=actions[..., step] if actions is not None else None,
    )
  File "/home/athota/parco/parco/models/decoding_strategies.py", line 186, in step
    actions = self._break_wait_deadlock(actions, logprobs, td, wait_idx)
  File "/home/athota/parco/parco/models/decoding_strategies.py", line 269, in _break_wait_deadlock
    return torch.where(stalled[:, None], unstalled, actions)
           ~~~~~~~~~~~^^^^^^^^^^^^^^^^^^^^^^^^^^^^^^^^^^^^^^
RuntimeError: The size of tensor a (32) must match the size of tensor b (3) at non-singleton dimension 2

Set the environment variable HYDRA_FULL_ERROR=1 for a complete stack trace.
srun: error: stud-000: task 0: Exited with exit code 1
