[[36m2026-09-03 13:14:51,661[0m][[34mrl4co.utils.utils[0m][[32mINFO[0m] - Enforcing tags! <cfg.extras.enforce_tags=True>[0m
[[36m2026-09-03 13:14:51,665[0m][[34mrl4co.utils.utils[0m][[32mINFO[0m] - Printing config tree with Rich! <cfg.extras.print_config=True>[0m
CONFIG
├── model
│   └── _target_: parco.models.rl.PARCORLModule                                 
│       metrics:                                                                
│         train:                                                                
│         - loss                                                                
│         - reward                                                              
│         - halting_ratio                                                       
│         - pos_ratio                                                           
│         val:                                                                  
│         - reward                                                              
│         - halting_ratio                                                       
│         - pos_ratio                                                           
│         test:                                                                 
│         - reward                                                              
│         - halting_ratio                                                       
│         - pos_ratio                                                           
│         log_on_step: true                                                     
│       policy:                                                                 
│         _target_: parco.models.policy.PARCOPolicy                             
│         env_name: hcvrp                                                       
│         agent_handler: highprob                                               
│         embed_dim: 128                                                        
│         train_decode_type: sequential_sampling                                
│         val_decode_type: sequential_greedy                                    
│         test_decode_type: sequential_greedy                                   
│         norm_after: false                                                     
│         normalization: rms                                                    
│         use_final_norm: true                                                  
│         parallel_gated_kwargs:                                                
│           mlp_activation: silu                                                
│         context_embedding_kwargs:                                             
│           normalization: rms                                                  
│           norm_after: false                                                   
│           use_final_norm: true                                                
│           parallel_gated_kwargs:                                              
│             mlp_activation: silu                                              
│       batch_size: 16                                                          
│       val_batch_size: 16                                                      
│       test_batch_size: 16                                                     
│       train_data_size: 100000                                                 
│       val_data_size: 10000                                                    
│       test_data_size: 10000                                                   
│       optimizer_kwargs:                                                       
│         lr: 0.0001                                                            
│         weight_decay: 0.0                                                     
│       lr_scheduler: MultiStepLR                                               
│       lr_scheduler_kwargs:                                                    
│         milestones:                                                           
│         - 80                                                                  
│         - 95                                                                  
│         gamma: 0.1                                                            
│       num_augment: 4                                                          
│       train_min_agents: 3                                                     
│       train_max_agents: 7                                                     
│       train_min_size: 60                                                      
│       train_max_size: 100                                                     
│       dataloader_num_workers: 5                                               
│                                                                               
├── callbacks
│   └── model_checkpoint:                                                       
│         _target_: lightning.pytorch.callbacks.ModelCheckpoint                 
│         dirpath: /home/athota/parco/logs/train/runs/hcvrp_n100_m7/parco_sequen
│         filename: epoch_{epoch:03d}                                           
│         monitor: val/reward/n60_m5                                            
│         verbose: false                                                        
│         save_last: true                                                       
│         save_top_k: 1                                                         
│         mode: max                                                             
│         auto_insert_metric_name: false                                        
│         save_weights_only: false                                              
│         every_n_train_steps: null                                             
│         train_time_interval: null                                             
│         every_n_epochs: null                                                  
│         save_on_train_epoch_end: null                                         
│       model_summary:                                                          
│         _target_: lightning.pytorch.callbacks.RichModelSummary                
│         max_depth: 5                                                          
│       rich_progress_bar:                                                      
│         _target_: lightning.pytorch.callbacks.RichProgressBar                 
│       speed_monitor:                                                          
│         _target_: rl4co.utils.callbacks.speed_monitor.SpeedMonitor            
│         intra_step_time: true                                                 
│         inter_step_time: true                                                 
│         epoch_time: true                                                      
│       learning_rate_monitor:                                                  
│         _target_: lightning.pytorch.callbacks.LearningRateMonitor             
│         logging_interval: epoch                                               
│                                                                               
├── logger
│   └── wandb:                                                                  
│         _target_: lightning.pytorch.loggers.wandb.WandbLogger                 
│         save_dir: /home/athota/parco/logs/train/runs/hcvrp_n100_m7/parco_seque
│         offline: true                                                         
│         id: null                                                              
│         anonymous: null                                                       
│         project: parco-hcvrp                                                  
│         log_model: false                                                      
│         prefix: ''                                                            
│         group: hcvrp_n100_m7                                                  
│         tags:                                                                 
│         - parco                                                               
│         - hcvrp                                                               
│         - communication                                                       
│         - sequential                                                          
│         job_type: ''                                                          
│         name: parco_sequential                                                
│                                                                               
├── trainer
│   └── _target_: rl4co.utils.trainer.RL4COTrainer                              
│       default_root_dir: /home/athota/parco/logs/train/runs/hcvrp_n100_m7/parco
│       gradient_clip_val: 1.0                                                  
│       accelerator: gpu                                                        
│       precision: 16-mixed                                                     
│       strategy:                                                               
│         _target_: lightning.pytorch.strategies.DDPStrategy                    
│         find_unused_parameters: true                                          
│         gradient_as_bucket_view: true                                         
│       check_val_every_n_epoch: 1                                              
│       deterministic: false                                                    
│       max_epochs: 100                                                         
│       accumulate_grad_batches: 8                                              
│                                                                               
├── paths
│   └── root_dir: /home/athota/parco                                            
│       data_dir: /home/athota/parco/data/                                      
│       log_dir: /home/athota/parco/logs/                                       
│       output_dir: /home/athota/parco/logs/train/runs/hcvrp_n100_m7/parco_seque
│       work_dir: /home/athota/parco                                            
│                                                                               
├── extras
│   └── ignore_warnings: false                                                  
│       enforce_tags: true                                                      
│       print_config: true                                                      
│                                                                               
├── mode
│   └── train                                                                   
├── tags
│   └── ['dev']                                                                 
├── train
│   └── True                                                                    
├── test
│   └── True                                                                    
├── compile
│   └── False                                                                   
├── ckpt_path
│   └── None                                                                    
├── seed
│   └── 1234                                                                    
├── matmul_precision
│   └── medium                                                                  
├── metrics
│   └── train:                                                                  
│       - loss                                                                  
│       - reward                                                                
│       val:                                                                    
│       - reward                                                                
│       test:                                                                   
│       - reward                                                                
│       log_on_step: true                                                       
│                                                                               
├── env
│   └── _target_: parco.envs.hcvrp.HCVRPEnv                                     
│       name: hcvrp                                                             
│       generator_params:                                                       
│         num_loc: 100                                                          
│         num_agents: 7                                                         
│       data_dir: /home/athota/parco/data/hcvrp                                 
│       val_file:                                                               
│       - n60_m3_seed24610.npz                                                  
│       - n60_m5_seed24610.npz                                                  
│       - n60_m7_seed24610.npz                                                  
│       - n80_m3_seed24610.npz                                                  
│       - n80_m5_seed24610.npz                                                  
│       - n80_m7_seed24610.npz                                                  
│       - n100_m3_seed24610.npz                                                 
│       - n100_m5_seed24610.npz                                                 
│       - n100_m7_seed24610.npz                                                 
│       val_dataloader_names:                                                   
│       - n60_m3                                                                
│       - n60_m5                                                                
│       - n60_m7                                                                
│       - n80_m3                                                                
│       - n80_m5                                                                
│       - n80_m7                                                                
│       - n100_m3                                                               
│       - n100_m5                                                               
│       - n100_m7                                                               
│       test_file:                                                              
│       - n60_m3_seed24610.npz                                                  
│       - n60_m5_seed24610.npz                                                  
│       - n60_m7_seed24610.npz                                                  
│       - n80_m3_seed24610.npz                                                  
│       - n80_m5_seed24610.npz                                                  
│       - n80_m7_seed24610.npz                                                  
│       - n100_m3_seed24610.npz                                                 
│       - n100_m5_seed24610.npz                                                 
│       - n100_m7_seed24610.npz                                                 
│       test_dataloader_names:                                                  
│       - n60_m3                                                                
│       - n60_m5                                                                
│       - n60_m7                                                                
│       - n80_m3                                                                
│       - n80_m5                                                                
│       - n80_m7                                                                
│       - n100_m3                                                               
│       - n100_m5                                                               
│       - n100_m7                                                               
│                                                                               
└── generator_params
    └── num_loc: 100                                                            
        num_agents: 7                                                           
                                                                                
[[36m2026-09-03 13:14:51,726[0m][[34m__main__[0m][[32mINFO[0m] - Instantiating environment <parco.envs.hcvrp.HCVRPEnv>[0m
[[36m2026-09-03 13:14:52,486[0m][[34m__main__[0m][[32mINFO[0m] - Instantiating model <parco.models.rl.PARCORLModule>[0m
[[36m2026-09-03 13:14:52,715[0m][[34mparco.models.policy[0m][[32mINFO[0m] - Initializing default PARCOEncoder[0m
[[36m2026-09-03 13:14:52,744[0m][[34mparco.models.policy[0m][[32mINFO[0m] - Initializing default PARCODecoder[0m
[[36m2026-09-03 13:14:52,805[0m][[34mrl4co.data.transforms[0m][[32mINFO[0m] - Features not passed, defaulting to 'locs'[0m
[[36m2026-09-03 13:14:52,806[0m][[34mrl4co.data.transforms[0m][[32mINFO[0m] - Features not passed, defaulting to 'locs'[0m
[[36m2026-09-03 13:14:52,807[0m][[34m__main__[0m][[32mINFO[0m] - Instantiating callbacks...[0m
[[36m2026-09-03 13:14:52,807[0m][[34mrl4co.utils.instantiators[0m][[32mINFO[0m] - Instantiating callback <lightning.pytorch.callbacks.ModelCheckpoint>[0m
[[36m2026-09-03 13:14:52,813[0m][[34mrl4co.utils.instantiators[0m][[32mINFO[0m] - Instantiating callback <lightning.pytorch.callbacks.RichModelSummary>[0m
[[36m2026-09-03 13:14:52,814[0m][[34mrl4co.utils.instantiators[0m][[32mINFO[0m] - Instantiating callback <lightning.pytorch.callbacks.RichProgressBar>[0m
[[36m2026-09-03 13:14:52,814[0m][[34mrl4co.utils.instantiators[0m][[32mINFO[0m] - Instantiating callback <rl4co.utils.callbacks.speed_monitor.SpeedMonitor>[0m
[[36m2026-09-03 13:14:52,816[0m][[34mrl4co.utils.instantiators[0m][[32mINFO[0m] - Instantiating callback <lightning.pytorch.callbacks.LearningRateMonitor>[0m
[[36m2026-09-03 13:14:52,816[0m][[34m__main__[0m][[32mINFO[0m] - Instantiating loggers...[0m
[[36m2026-09-03 13:14:52,817[0m][[34mrl4co.utils.instantiators[0m][[32mINFO[0m] - Instantiating logger <lightning.pytorch.loggers.wandb.WandbLogger>[0m
[[36m2026-09-03 13:14:52,821[0m][[34m__main__[0m][[32mINFO[0m] - Instantiating trainer...[0m
[[36m2026-09-03 13:14:52,842[0m][[34m__main__[0m][[32mINFO[0m] - Logging hyperparameters![0m
[[36m2026-09-03 13:14:55,056[0m][[34m__main__[0m][[32mINFO[0m] - Starting training![0m
[[36m2026-09-03 13:14:56,290[0m][[34mrl4co.models.rl.common.base[0m][[32mINFO[0m] - Setting up batch sizes for train/val/test[0m
[[36m2026-09-03 13:14:56,291[0m][[34mrl4co.models.rl.common.base[0m][[32mINFO[0m] - Setting up datasets[0m
[[36m2026-09-03 13:14:58,884[0m][[34mrl4co.envs.common.base[0m][[32mINFO[0m] - Loading val dataset from ['/home/athota/parco/data/hcvrp/n60_m3_seed24610.npz', '/home/athota/parco/data/hcvrp/n60_m5_seed24610.npz', '/home/athota/parco/data/hcvrp/n60_m7_seed24610.npz', '/home/athota/parco/data/hcvrp/n80_m3_seed24610.npz', '/home/athota/parco/data/hcvrp/n80_m5_seed24610.npz', '/home/athota/parco/data/hcvrp/n80_m7_seed24610.npz', '/home/athota/parco/data/hcvrp/n100_m3_seed24610.npz', '/home/athota/parco/data/hcvrp/n100_m5_seed24610.npz', '/home/athota/parco/data/hcvrp/n100_m7_seed24610.npz'][0m
[[36m2026-09-03 13:14:59,397[0m][[34mrl4co.envs.common.base[0m][[32mINFO[0m] - Loading test dataset from ['/home/athota/parco/data/hcvrp/n60_m3_seed24610.npz', '/home/athota/parco/data/hcvrp/n60_m5_seed24610.npz', '/home/athota/parco/data/hcvrp/n60_m7_seed24610.npz', '/home/athota/parco/data/hcvrp/n80_m3_seed24610.npz', '/home/athota/parco/data/hcvrp/n80_m5_seed24610.npz', '/home/athota/parco/data/hcvrp/n80_m7_seed24610.npz', '/home/athota/parco/data/hcvrp/n100_m3_seed24610.npz', '/home/athota/parco/data/hcvrp/n100_m5_seed24610.npz', '/home/athota/parco/data/hcvrp/n100_m7_seed24610.npz'][0m
[[36m2026-09-03 13:14:59,609[0m][[34mrl4co.models.rl.common.base[0m][[32mINFO[0m] - Instantiating optimizer <Adam>[0m
[[36m2026-09-03 13:14:59,610[0m][[34mrl4co.models.rl.common.base[0m][[32mINFO[0m] - Instantiating LR scheduler <MultiStepLR>[0m
┏━━━━┳━━━━━━━━━━━━━━━━━━━━━━━━━━━━━━━━━━━━━━━━━━━━━━━━━━━━━━━━━┳━━━━┳━━━━━┳━━━━┓
┃    ┃ Name                                                    ┃ T… ┃ Pa… ┃ M… ┃
┡━━━━╇━━━━━━━━━━━━━━━━━━━━━━━━━━━━━━━━━━━━━━━━━━━━━━━━━━━━━━━━━╇━━━━╇━━━━━╇━━━━┩
│ 0  │ env                                                     │ H… │   0 │ t… │
│ 1  │ policy                                                  │ P… │ 1.3 │ t… │
│    │                                                         │    │   M │    │
│ 2  │ policy.encoder                                          │ P… │ 839 │ t… │
│    │                                                         │    │   K │    │
│ 3  │ policy.encoder.init_embedding                           │ H… │ 50… │ t… │
│    │                                                         │    │   K │    │
│ 4  │ policy.encoder.init_embedding.init_embed_depot          │ L… │ 256 │ t… │
│ 5  │ policy.encoder.init_embedding.pos_encoder               │ P… │   0 │ t… │
│ 6  │ policy.encoder.init_embedding.pos_embedding_proj        │ L… │ 16… │ t… │
│    │                                                         │    │   K │    │
│ 7  │ policy.encoder.init_embedding.init_embed_agents         │ L… │ 512 │ t… │
│ 8  │ policy.encoder.init_embedding.init_embed_depot_agents   │ L… │ 32… │ t… │
│    │                                                         │    │   K │    │
│ 9  │ policy.encoder.init_embedding.init_embed_clients        │ L… │ 640 │ t… │
│ 10 │ policy.encoder.layers                                   │ S… │ 788 │ t… │
│    │                                                         │    │   K │    │
│ 11 │ policy.encoder.layers.0                                 │ T… │ 262 │ t… │
│    │                                                         │    │   K │    │
│ 12 │ policy.encoder.layers.0.norm_attn                       │ N… │ 128 │ t… │
│ 13 │ policy.encoder.layers.0.attention                       │ M… │ 66… │ t… │
│    │                                                         │    │   K │    │
│ 14 │ policy.encoder.layers.0.norm_ffn                        │ N… │ 128 │ t… │
│ 15 │ policy.encoder.layers.0.ffn                             │ P… │ 196 │ t… │
│    │                                                         │    │   K │    │
│ 16 │ policy.encoder.layers.1                                 │ T… │ 262 │ t… │
│    │                                                         │    │   K │    │
│ 17 │ policy.encoder.layers.1.norm_attn                       │ N… │ 128 │ t… │
│ 18 │ policy.encoder.layers.1.attention                       │ M… │ 66… │ t… │
│    │                                                         │    │   K │    │
│ 19 │ policy.encoder.layers.1.norm_ffn                        │ N… │ 128 │ t… │
│ 20 │ policy.encoder.layers.1.ffn                             │ P… │ 196 │ t… │
│    │                                                         │    │   K │    │
│ 21 │ policy.encoder.layers.2                                 │ T… │ 262 │ t… │
│    │                                                         │    │   K │    │
│ 22 │ policy.encoder.layers.2.norm_attn                       │ N… │ 128 │ t… │
│ 23 │ policy.encoder.layers.2.attention                       │ M… │ 66… │ t… │
│    │                                                         │    │   K │    │
│ 24 │ policy.encoder.layers.2.norm_ffn                        │ N… │ 128 │ t… │
│ 25 │ policy.encoder.layers.2.ffn                             │ P… │ 196 │ t… │
│    │                                                         │    │   K │    │
│ 26 │ policy.encoder.norm                                     │ N… │ 128 │ t… │
│ 27 │ policy.encoder.norm.normalizer                          │ R… │ 128 │ t… │
│ 28 │ policy.decoder                                          │ P… │ 411 │ t… │
│    │                                                         │    │   K │    │
│ 29 │ policy.decoder.context_embedding                        │ H… │ 329 │ t… │
│    │                                                         │    │   K │    │
│ 30 │ policy.decoder.context_embedding.proj_agent_feats       │ L… │ 384 │ t… │
│ 31 │ policy.decoder.context_embedding.proj_global_feats      │ L… │ 128 │ t… │
│ 32 │ policy.decoder.context_embedding.project_context        │ L… │ 65… │ t… │
│    │                                                         │    │   K │    │
│ 33 │ policy.decoder.context_embedding.communication_layers   │ S… │ 262 │ t… │
│    │                                                         │    │   K │    │
│ 34 │ policy.decoder.context_embedding.communication_layers.0 │ T… │ 262 │ t… │
│    │                                                         │    │   K │    │
│ 35 │ policy.decoder.context_embedding.norm                   │ N… │ 128 │ t… │
│ 36 │ policy.decoder.context_embedding.norm.normalizer        │ R… │ 128 │ t… │
│ 37 │ policy.decoder.dynamic_embedding                        │ S… │   0 │ t… │
│ 38 │ policy.decoder.pointer                                  │ P… │ 16… │ t… │
│    │                                                         │    │   K │    │
│ 39 │ policy.decoder.pointer.project_out                      │ L… │ 16… │ t… │
│    │                                                         │    │   K │    │
│ 40 │ policy.decoder.project_node_embeddings                  │ L… │ 49… │ t… │
│    │                                                         │    │   K │    │
│ 41 │ policy.decoder.project_fixed_context                    │ L… │ 16… │ t… │
│    │                                                         │    │   K │    │
│ 42 │ baseline                                                │ N… │   0 │ t… │
│ 43 │ projection_head                                         │ M… │ 33… │ t… │
│    │                                                         │    │   K │    │
│ 44 │ projection_head.0                                       │ L… │ 16… │ t… │
│    │                                                         │    │   K │    │
│ 45 │ projection_head.1                                       │ R… │   0 │ t… │
│ 46 │ projection_head.2                                       │ L… │ 16… │ t… │
│    │                                                         │    │   K │    │
└────┴─────────────────────────────────────────────────────────┴────┴─────┴────┘
Trainable params: 1.3 M                                                         
Non-trainable params: 0                                                         
Total params: 1.3 M                                                             
Total estimated model params size (MB): 5                                       
Modules in train mode: 79                                                       
Modules in eval mode: 0                                                         
[[36m2026-09-03 13:35:15,173[0m][[34mrl4co.models.rl.common.base[0m][[32mINFO[0m] - Generating training dataset for next epoch...[0m
[[36m2026-09-03 13:52:25,525[0m][[34mrl4co.models.rl.common.base[0m][[32mINFO[0m] - Generating training dataset for next epoch...[0m
[[36m2026-09-03 14:09:25,496[0m][[34mrl4co.models.rl.common.base[0m][[32mINFO[0m] - Generating training dataset for next epoch...[0m
[[36m2026-09-03 14:26:45,055[0m][[34mrl4co.models.rl.common.base[0m][[32mINFO[0m] - Generating training dataset for next epoch...[0m
[[36m2026-09-03 14:44:40,848[0m][[34mrl4co.models.rl.common.base[0m][[32mINFO[0m] - Generating training dataset for next epoch...[0m
[[36m2026-09-03 15:02:43,555[0m][[34mrl4co.models.rl.common.base[0m][[32mINFO[0m] - Generating training dataset for next epoch...[0m
[[36m2026-09-03 15:20:16,474[0m][[34mrl4co.models.rl.common.base[0m][[32mINFO[0m] - Generating training dataset for next epoch...[0m
[[36m2026-09-03 15:38:10,443[0m][[34mrl4co.models.rl.common.base[0m][[32mINFO[0m] - Generating training dataset for next epoch...[0m
[[36m2026-09-03 15:56:51,881[0m][[34mrl4co.models.rl.common.base[0m][[32mINFO[0m] - Generating training dataset for next epoch...[0m
[[36m2026-09-03 16:14:33,552[0m][[34mrl4co.models.rl.common.base[0m][[32mINFO[0m] - Generating training dataset for next epoch...[0m
[[36m2026-09-03 16:32:05,595[0m][[34mrl4co.models.rl.common.base[0m][[32mINFO[0m] - Generating training dataset for next epoch...[0m
[[36m2026-09-03 16:49:52,369[0m][[34mrl4co.models.rl.common.base[0m][[32mINFO[0m] - Generating training dataset for next epoch...[0m
[[36m2026-09-03 17:06:54,831[0m][[34mrl4co.models.rl.common.base[0m][[32mINFO[0m] - Generating training dataset for next epoch...[0m
[[36m2026-09-03 17:25:23,359[0m][[34mrl4co.models.rl.common.base[0m][[32mINFO[0m] - Generating training dataset for next epoch...[0m
[[36m2026-09-03 17:42:43,044[0m][[34mrl4co.models.rl.common.base[0m][[32mINFO[0m] - Generating training dataset for next epoch...[0m
[[36m2026-09-03 17:59:55,291[0m][[34mrl4co.models.rl.common.base[0m][[32mINFO[0m] - Generating training dataset for next epoch...[0m
[[36m2026-09-03 18:17:00,108[0m][[34mrl4co.models.rl.common.base[0m][[32mINFO[0m] - Generating training dataset for next epoch...[0m
[[36m2026-09-03 18:33:33,522[0m][[34mrl4co.models.rl.common.base[0m][[32mINFO[0m] - Generating training dataset for next epoch...[0m
[[36m2026-09-03 18:50:21,227[0m][[34mrl4co.models.rl.common.base[0m][[32mINFO[0m] - Generating training dataset for next epoch...[0m
[[36m2026-09-03 19:07:06,717[0m][[34mrl4co.models.rl.common.base[0m][[32mINFO[0m] - Generating training dataset for next epoch...[0m
[[36m2026-09-03 19:23:53,475[0m][[34mrl4co.models.rl.common.base[0m][[32mINFO[0m] - Generating training dataset for next epoch...[0m
[[36m2026-09-03 19:41:12,428[0m][[34mrl4co.models.rl.common.base[0m][[32mINFO[0m] - Generating training dataset for next epoch...[0m
[[36m2026-09-03 19:57:53,801[0m][[34mrl4co.models.rl.common.base[0m][[32mINFO[0m] - Generating training dataset for next epoch...[0m
[[36m2026-09-03 20:14:30,086[0m][[34mrl4co.models.rl.common.base[0m][[32mINFO[0m] - Generating training dataset for next epoch...[0m
[[36m2026-09-03 20:32:02,521[0m][[34mrl4co.models.rl.common.base[0m][[32mINFO[0m] - Generating training dataset for next epoch...[0m
[[36m2026-09-03 20:51:01,678[0m][[34mrl4co.models.rl.common.base[0m][[32mINFO[0m] - Generating training dataset for next epoch...[0m
[[36m2026-09-03 21:09:32,425[0m][[34mrl4co.models.rl.common.base[0m][[32mINFO[0m] - Generating training dataset for next epoch...[0m
[[36m2026-09-03 21:27:07,984[0m][[34mrl4co.models.rl.common.base[0m][[32mINFO[0m] - Generating training dataset for next epoch...[0m
[[36m2026-09-03 21:44:15,807[0m][[34mrl4co.models.rl.common.base[0m][[32mINFO[0m] - Generating training dataset for next epoch...[0m
[[36m2026-09-03 22:01:32,847[0m][[34mrl4co.models.rl.common.base[0m][[32mINFO[0m] - Generating training dataset for next epoch...[0m
[[36m2026-09-03 22:18:42,550[0m][[34mrl4co.models.rl.common.base[0m][[32mINFO[0m] - Generating training dataset for next epoch...[0m
[[36m2026-09-03 22:35:39,313[0m][[34mrl4co.models.rl.common.base[0m][[32mINFO[0m] - Generating training dataset for next epoch...[0m
[[36m2026-09-03 22:53:01,705[0m][[34mrl4co.models.rl.common.base[0m][[32mINFO[0m] - Generating training dataset for next epoch...[0m
[[36m2026-09-03 23:10:07,345[0m][[34mrl4co.models.rl.common.base[0m][[32mINFO[0m] - Generating training dataset for next epoch...[0m
[[36m2026-09-03 23:27:09,325[0m][[34mrl4co.models.rl.common.base[0m][[32mINFO[0m] - Generating training dataset for next epoch...[0m
[[36m2026-09-03 23:44:08,631[0m][[34mrl4co.models.rl.common.base[0m][[32mINFO[0m] - Generating training dataset for next epoch...[0m
[[36m2026-09-04 00:02:04,547[0m][[34mrl4co.models.rl.common.base[0m][[32mINFO[0m] - Generating training dataset for next epoch...[0m
[[36m2026-09-04 00:19:34,249[0m][[34mrl4co.models.rl.common.base[0m][[32mINFO[0m] - Generating training dataset for next epoch...[0m
[[36m2026-09-04 00:36:49,487[0m][[34mrl4co.models.rl.common.base[0m][[32mINFO[0m] - Generating training dataset for next epoch...[0m
[[36m2026-09-04 00:53:55,090[0m][[34mrl4co.models.rl.common.base[0m][[32mINFO[0m] - Generating training dataset for next epoch...[0m
[[36m2026-09-04 01:11:18,213[0m][[34mrl4co.models.rl.common.base[0m][[32mINFO[0m] - Generating training dataset for next epoch...[0m
[[36m2026-09-04 01:29:04,527[0m][[34mrl4co.models.rl.common.base[0m][[32mINFO[0m] - Generating training dataset for next epoch...[0m
[[36m2026-09-04 01:46:00,319[0m][[34mrl4co.models.rl.common.base[0m][[32mINFO[0m] - Generating training dataset for next epoch...[0m
[[36m2026-09-04 02:03:16,086[0m][[34mrl4co.models.rl.common.base[0m][[32mINFO[0m] - Generating training dataset for next epoch...[0m
[[36m2026-09-04 02:21:29,094[0m][[34mrl4co.models.rl.common.base[0m][[32mINFO[0m] - Generating training dataset for next epoch...[0m
[[36m2026-09-04 02:39:14,963[0m][[34mrl4co.models.rl.common.base[0m][[32mINFO[0m] - Generating training dataset for next epoch...[0m
[[36m2026-09-04 02:57:31,792[0m][[34mrl4co.models.rl.common.base[0m][[32mINFO[0m] - Generating training dataset for next epoch...[0m
[[36m2026-09-04 03:14:42,546[0m][[34mrl4co.models.rl.common.base[0m][[32mINFO[0m] - Generating training dataset for next epoch...[0m
[[36m2026-09-04 03:33:18,722[0m][[34mrl4co.models.rl.common.base[0m][[32mINFO[0m] - Generating training dataset for next epoch...[0m
[[36m2026-09-04 03:50:14,470[0m][[34mrl4co.models.rl.common.base[0m][[32mINFO[0m] - Generating training dataset for next epoch...[0m
[[36m2026-09-04 04:07:19,540[0m][[34mrl4co.models.rl.common.base[0m][[32mINFO[0m] - Generating training dataset for next epoch...[0m
[[36m2026-09-04 04:24:15,790[0m][[34mrl4co.models.rl.common.base[0m][[32mINFO[0m] - Generating training dataset for next epoch...[0m
[[36m2026-09-04 04:41:11,551[0m][[34mrl4co.models.rl.common.base[0m][[32mINFO[0m] - Generating training dataset for next epoch...[0m
[[36m2026-09-04 05:00:06,963[0m][[34mrl4co.models.rl.common.base[0m][[32mINFO[0m] - Generating training dataset for next epoch...[0m
[[36m2026-09-04 05:17:06,848[0m][[34mrl4co.models.rl.common.base[0m][[32mINFO[0m] - Generating training dataset for next epoch...[0m
[[36m2026-09-04 05:34:05,826[0m][[34mrl4co.models.rl.common.base[0m][[32mINFO[0m] - Generating training dataset for next epoch...[0m
[[36m2026-09-04 05:51:11,702[0m][[34mrl4co.models.rl.common.base[0m][[32mINFO[0m] - Generating training dataset for next epoch...[0m
[[36m2026-09-04 06:08:20,929[0m][[34mrl4co.models.rl.common.base[0m][[32mINFO[0m] - Generating training dataset for next epoch...[0m
[[36m2026-09-04 06:25:34,731[0m][[34mrl4co.models.rl.common.base[0m][[32mINFO[0m] - Generating training dataset for next epoch...[0m
[[36m2026-09-04 06:42:33,747[0m][[34mrl4co.models.rl.common.base[0m][[32mINFO[0m] - Generating training dataset for next epoch...[0m
[[36m2026-09-04 06:59:38,927[0m][[34mrl4co.models.rl.common.base[0m][[32mINFO[0m] - Generating training dataset for next epoch...[0m
[[36m2026-09-04 07:16:55,894[0m][[34mrl4co.models.rl.common.base[0m][[32mINFO[0m] - Generating training dataset for next epoch...[0m
[[36m2026-09-04 07:34:25,092[0m][[34mrl4co.models.rl.common.base[0m][[32mINFO[0m] - Generating training dataset for next epoch...[0m
[[36m2026-09-04 07:51:41,265[0m][[34mrl4co.models.rl.common.base[0m][[32mINFO[0m] - Generating training dataset for next epoch...[0m
[[36m2026-09-04 08:08:55,246[0m][[34mrl4co.models.rl.common.base[0m][[32mINFO[0m] - Generating training dataset for next epoch...[0m
[[36m2026-09-04 08:26:07,910[0m][[34mrl4co.models.rl.common.base[0m][[32mINFO[0m] - Generating training dataset for next epoch...[0m
[[36m2026-09-04 08:45:31,882[0m][[34mrl4co.models.rl.common.base[0m][[32mINFO[0m] - Generating training dataset for next epoch...[0m
[[36m2026-09-04 09:02:55,026[0m][[34mrl4co.models.rl.common.base[0m][[32mINFO[0m] - Generating training dataset for next epoch...[0m
[[36m2026-09-04 09:20:01,761[0m][[34mrl4co.models.rl.common.base[0m][[32mINFO[0m] - Generating training dataset for next epoch...[0m
[[36m2026-09-04 09:36:59,818[0m][[34mrl4co.models.rl.common.base[0m][[32mINFO[0m] - Generating training dataset for next epoch...[0m
[[36m2026-09-04 09:53:58,296[0m][[34mrl4co.models.rl.common.base[0m][[32mINFO[0m] - Generating training dataset for next epoch...[0m
[[36m2026-09-04 10:12:10,691[0m][[34mrl4co.models.rl.common.base[0m][[32mINFO[0m] - Generating training dataset for next epoch...[0m
[[36m2026-09-04 10:29:37,265[0m][[34mrl4co.models.rl.common.base[0m][[32mINFO[0m] - Generating training dataset for next epoch...[0m
[[36m2026-09-04 10:46:40,546[0m][[34mrl4co.models.rl.common.base[0m][[32mINFO[0m] - Generating training dataset for next epoch...[0m
[[36m2026-09-04 11:04:29,597[0m][[34mrl4co.models.rl.common.base[0m][[32mINFO[0m] - Generating training dataset for next epoch...[0m
[[36m2026-09-04 11:21:46,122[0m][[34mrl4co.models.rl.common.base[0m][[32mINFO[0m] - Generating training dataset for next epoch...[0m
[[36m2026-09-04 11:39:07,137[0m][[34mrl4co.models.rl.common.base[0m][[32mINFO[0m] - Generating training dataset for next epoch...[0m
[[36m2026-09-04 11:56:11,791[0m][[34mrl4co.models.rl.common.base[0m][[32mINFO[0m] - Generating training dataset for next epoch...[0m
[[36m2026-09-04 12:14:31,342[0m][[34mrl4co.models.rl.common.base[0m][[32mINFO[0m] - Generating training dataset for next epoch...[0m
[[36m2026-09-04 12:31:40,663[0m][[34mrl4co.models.rl.common.base[0m][[32mINFO[0m] - Generating training dataset for next epoch...[0m
[[36m2026-09-04 12:49:10,904[0m][[34mrl4co.models.rl.common.base[0m][[32mINFO[0m] - Generating training dataset for next epoch...[0m
[[36m2026-09-04 13:06:51,326[0m][[34mrl4co.models.rl.common.base[0m][[32mINFO[0m] - Generating training dataset for next epoch...[0m
[[36m2026-09-04 13:25:01,134[0m][[34mrl4co.models.rl.common.base[0m][[32mINFO[0m] - Generating training dataset for next epoch...[0m
[[36m2026-09-04 13:41:55,900[0m][[34mrl4co.models.rl.common.base[0m][[32mINFO[0m] - Generating training dataset for next epoch...[0m
[[36m2026-09-04 13:58:51,459[0m][[34mrl4co.models.rl.common.base[0m][[32mINFO[0m] - Generating training dataset for next epoch...[0m
[[36m2026-09-04 14:16:01,260[0m][[34mrl4co.models.rl.common.base[0m][[32mINFO[0m] - Generating training dataset for next epoch...[0m
[[36m2026-09-04 14:34:07,466[0m][[34mrl4co.models.rl.common.base[0m][[32mINFO[0m] - Generating training dataset for next epoch...[0m
[[36m2026-09-04 14:50:42,461[0m][[34mrl4co.models.rl.common.base[0m][[32mINFO[0m] - Generating training dataset for next epoch...[0m
[[36m2026-09-04 15:07:23,461[0m][[34mrl4co.models.rl.common.base[0m][[32mINFO[0m] - Generating training dataset for next epoch...[0m
[[36m2026-09-04 15:25:35,999[0m][[34mrl4co.models.rl.common.base[0m][[32mINFO[0m] - Generating training dataset for next epoch...[0m
[[36m2026-09-04 15:44:26,730[0m][[34mrl4co.models.rl.common.base[0m][[32mINFO[0m] - Generating training dataset for next epoch...[0m
[[36m2026-09-04 16:01:57,994[0m][[34mrl4co.models.rl.common.base[0m][[32mINFO[0m] - Generating training dataset for next epoch...[0m
[[36m2026-09-04 16:18:54,191[0m][[34mrl4co.models.rl.common.base[0m][[32mINFO[0m] - Generating training dataset for next epoch...[0m
[[36m2026-09-04 16:36:46,207[0m][[34mrl4co.models.rl.common.base[0m][[32mINFO[0m] - Generating training dataset for next epoch...[0m
[[36m2026-09-04 16:53:57,978[0m][[34mrl4co.models.rl.common.base[0m][[32mINFO[0m] - Generating training dataset for next epoch...[0m
[[36m2026-09-04 17:10:49,321[0m][[34mrl4co.models.rl.common.base[0m][[32mINFO[0m] - Generating training dataset for next epoch...[0m
[[36m2026-09-04 17:29:18,865[0m][[34mrl4co.models.rl.common.base[0m][[32mINFO[0m] - Generating training dataset for next epoch...[0m
[[36m2026-09-04 17:46:15,086[0m][[34mrl4co.models.rl.common.base[0m][[32mINFO[0m] - Generating training dataset for next epoch...[0m
[[36m2026-09-04 18:03:03,469[0m][[34mrl4co.models.rl.common.base[0m][[32mINFO[0m] - Generating training dataset for next epoch...[0m
Epoch 99/99 ━━━━━━━━━━━━━━━ 1042/1042 0:12:17 •       1.62it/s v_num: gg2c      
                                      0:00:00                  train/reward:    
                                                               -5.962           
                                                               train/halting_ra…
                                                               0.000 train/loss:
                                                               -0.041           
                                                               val/reward/n60_m…
                                                               -7.521           
                                                               val/halting_rati…
                                                               0.000            
                                                               val/reward/n60_m…
                                                               -4.649           
                                                               val/halting_rati…
                                                               0.000            
                                                               val/reward/n60_m…
                                                               -3.508           
                                                               val/halting_rati…
                                                               0.000            
                                                               val/reward/n80_m…
                                                               -9.674           
                                                               val/halting_rati…
                                                               0.000            
                                                               val/reward/n80_m…
                                                               -5.893           
                                                               val/halting_rati…
                                                               0.000            
                                                               val/reward/n80_m…
                                                               -4.352           
                                                               val/halting_rati…
                                                               0.000            
                                                               val/reward/n100_…
                                                               -11.464          
                                                               val/halting_rati…
                                                               0.000            
                                                               val/reward/n100_…
                                                               -6.930           
                                                               val/halting_rati…
                                                               0.000            
                                                               val/reward/n100_…
                                                               -5.076           
                                                               val/halting_rati…
                                                               0.000            
[[36m2026-09-04 18:22:14,659[0m][[34m__main__[0m][[32mINFO[0m] - Starting testing![0m
[[36m2026-09-04 18:22:14,675[0m][[34mrl4co.models.rl.common.base[0m][[32mINFO[0m] - Setting up batch sizes for train/val/test[0m
[[36m2026-09-04 18:22:14,676[0m][[34mrl4co.models.rl.common.base[0m][[32mINFO[0m] - Setting up datasets[0m
[[36m2026-09-04 18:22:16,580[0m][[34mrl4co.envs.common.base[0m][[32mINFO[0m] - Loading val dataset from ['/home/athota/parco/data/hcvrp/n60_m3_seed24610.npz', '/home/athota/parco/data/hcvrp/n60_m5_seed24610.npz', '/home/athota/parco/data/hcvrp/n60_m7_seed24610.npz', '/home/athota/parco/data/hcvrp/n80_m3_seed24610.npz', '/home/athota/parco/data/hcvrp/n80_m5_seed24610.npz', '/home/athota/parco/data/hcvrp/n80_m7_seed24610.npz', '/home/athota/parco/data/hcvrp/n100_m3_seed24610.npz', '/home/athota/parco/data/hcvrp/n100_m5_seed24610.npz', '/home/athota/parco/data/hcvrp/n100_m7_seed24610.npz'][0m
[[36m2026-09-04 18:22:16,740[0m][[34mrl4co.envs.common.base[0m][[32mINFO[0m] - Loading test dataset from ['/home/athota/parco/data/hcvrp/n60_m3_seed24610.npz', '/home/athota/parco/data/hcvrp/n60_m5_seed24610.npz', '/home/athota/parco/data/hcvrp/n60_m7_seed24610.npz', '/home/athota/parco/data/hcvrp/n80_m3_seed24610.npz', '/home/athota/parco/data/hcvrp/n80_m5_seed24610.npz', '/home/athota/parco/data/hcvrp/n80_m7_seed24610.npz', '/home/athota/parco/data/hcvrp/n100_m3_seed24610.npz', '/home/athota/parco/data/hcvrp/n100_m5_seed24610.npz', '/home/athota/parco/data/hcvrp/n100_m7_seed24610.npz'][0m
┏━━━━━━━━━━━━━━━━━━━┳━━━━━━━━━━━━━━━━━━━┳━━━━━━━━━━━━━━━━━━┳━━━━━━━━━━━━━━━━━━━┓
┃    Test metric    ┃   DataLoader 0    ┃   DataLoader 1   ┃   DataLoader 2    ┃
┡━━━━━━━━━━━━━━━━━━━╇━━━━━━━━━━━━━━━━━━━╇━━━━━━━━━━━━━━━━━━╇━━━━━━━━━━━━━━━━━━━┩
│ test/halting_rat… │                   │                  │                   │
│ test/halting_rat… │                   │                  │                   │
│ test/halting_rat… │                   │                  │                   │
│ test/halting_rat… │        0.0        │                  │                   │
│ test/halting_rat… │                   │       0.0        │                   │
│ test/halting_rat… │                   │                  │        0.0        │
│ test/halting_rat… │                   │                  │                   │
│ test/halting_rat… │                   │                  │                   │
│ test/halting_rat… │                   │                  │                   │
│ test/reward/n100… │                   │                  │                   │
│ test/reward/n100… │                   │                  │                   │
│ test/reward/n100… │                   │                  │                   │
│ test/reward/n60_… │ -7.5308666229248… │                  │                   │
│ test/reward/n60_… │                   │ -4.652242183685… │                   │
│ test/reward/n60_… │                   │                  │ -3.5048074722290… │
│ test/reward/n80_… │                   │                  │                   │
│ test/reward/n80_… │                   │                  │                   │
│ test/reward/n80_… │                   │                  │                   │
└───────────────────┴───────────────────┴──────────────────┴───────────────────┘
┏━━━━━━━━━━━━━━━━━━━┳━━━━━━━━━━━━━━━━━━━┳━━━━━━━━━━━━━━━━━━┳━━━━━━━━━━━━━━━━━━━┓
┃    Test metric    ┃   DataLoader 3    ┃   DataLoader 4   ┃   DataLoader 5    ┃
┡━━━━━━━━━━━━━━━━━━━╇━━━━━━━━━━━━━━━━━━━╇━━━━━━━━━━━━━━━━━━╇━━━━━━━━━━━━━━━━━━━┩
│ test/halting_rat… │                   │                  │                   │
│ test/halting_rat… │                   │                  │                   │
│ test/halting_rat… │                   │                  │                   │
│ test/halting_rat… │                   │                  │                   │
│ test/halting_rat… │                   │                  │                   │
│ test/halting_rat… │                   │                  │                   │
│ test/halting_rat… │        0.0        │                  │                   │
│ test/halting_rat… │                   │       0.0        │                   │
│ test/halting_rat… │                   │                  │        0.0        │
│ test/reward/n100… │                   │                  │                   │
│ test/reward/n100… │                   │                  │                   │
│ test/reward/n100… │                   │                  │                   │
│ test/reward/n60_… │                   │                  │                   │
│ test/reward/n60_… │                   │                  │                   │
│ test/reward/n60_… │                   │                  │                   │
│ test/reward/n80_… │ -9.6672725677490… │                  │                   │
│ test/reward/n80_… │                   │ -5.899219989776… │                   │
│ test/reward/n80_… │                   │                  │ -4.3603577613830… │
└───────────────────┴───────────────────┴──────────────────┴───────────────────┘
┏━━━━━━━━━━━━━━━━━━━┳━━━━━━━━━━━━━━━━━━━┳━━━━━━━━━━━━━━━━━━┳━━━━━━━━━━━━━━━━━━━┓
┃    Test metric    ┃   DataLoader 6    ┃   DataLoader 7   ┃   DataLoader 8    ┃
┡━━━━━━━━━━━━━━━━━━━╇━━━━━━━━━━━━━━━━━━━╇━━━━━━━━━━━━━━━━━━╇━━━━━━━━━━━━━━━━━━━┩
│ test/halting_rat… │        0.0        │                  │                   │
│ test/halting_rat… │                   │       0.0        │                   │
│ test/halting_rat… │                   │                  │        0.0        │
│ test/halting_rat… │                   │                  │                   │
│ test/halting_rat… │                   │                  │                   │
│ test/halting_rat… │                   │                  │                   │
│ test/halting_rat… │                   │                  │                   │
│ test/halting_rat… │                   │                  │                   │
│ test/halting_rat… │                   │                  │                   │
│ test/reward/n100… │ -11.461846351623… │                  │                   │
│ test/reward/n100… │                   │ -6.921079635620… │                   │
│ test/reward/n100… │                   │                  │ -5.0826768875122… │
│ test/reward/n60_… │                   │                  │                   │
│ test/reward/n60_… │                   │                  │                   │
│ test/reward/n60_… │                   │                  │                   │
│ test/reward/n80_… │                   │                  │                   │
│ test/reward/n80_… │                   │                  │                   │
│ test/reward/n80_… │                   │                  │                   │
└───────────────────┴───────────────────┴──────────────────┴───────────────────┘
Testing ━━━━━━━━━━━━━━━━━━━━━━━━━━━━━━━━━━━━━ 14/14 0:00:04 • 0:00:00 3.35it/s 
[[36m2026-09-04 18:27:30,932[0m][[34m__main__[0m][[32mINFO[0m] - Best ckpt path: /home/athota/parco/logs/train/runs/hcvrp_n100_m7/parco_sequential/2026-09-03_13-14-51/checkpoints/epoch_089.ckpt[0m
[[36m2026-09-04 18:27:30,934[0m][[34mrl4co.utils.utils[0m][[32mINFO[0m] - Output dir: /home/athota/parco/logs/train/runs/hcvrp_n100_m7/parco_sequential/2026-09-03_13-14-51[0m
[[36m2026-09-04 18:27:30,935[0m][[34mrl4co.utils.utils[0m][[32mINFO[0m] - Closing loggers...[0m
[[36m2026-09-04 18:27:30,935[0m][[34mrl4co.utils.utils[0m][[32mINFO[0m] - Closing wandb![0m
[[36m2026-09-04 18:27:30,954[0m][[34mrl4co.utils.utils[0m][[32mINFO[0m] - Metric name is None! Skipping metric value retrieval...[0m
