[2026-09-12 09:09:10,289][rl4co.utils.utils][INFO] - Enforcing tags! <cfg.extras.enforce_tags=True>
[2026-09-12 09:09:10,293][rl4co.utils.utils][INFO] - Printing config tree with Rich! <cfg.extras.print_config=True>
[2026-09-12 09:09:10,352][__main__][INFO] - Instantiating environment <parco.envs.hcvrp.HCVRPEnv>
[2026-09-12 09:09:10,996][__main__][INFO] - Instantiating model <parco.models.rl.PARCORLModule>
[2026-09-12 09:09:11,237][parco.models.policy][INFO] - Initializing default PARCOEncoder
[2026-09-12 09:09:11,256][parco.models.policy][INFO] - Initializing default PARCODecoder
[2026-09-12 09:09:11,337][rl4co.data.transforms][INFO] - Features not passed, defaulting to 'locs'
[2026-09-12 09:09:11,337][rl4co.data.transforms][INFO] - Features not passed, defaulting to 'locs'
[2026-09-12 09:09:11,339][__main__][INFO] - Instantiating callbacks...
[2026-09-12 09:09:11,339][rl4co.utils.instantiators][INFO] - Instantiating callback <lightning.pytorch.callbacks.ModelCheckpoint>
[2026-09-12 09:09:11,347][rl4co.utils.instantiators][INFO] - Instantiating callback <lightning.pytorch.callbacks.RichModelSummary>
[2026-09-12 09:09:11,348][rl4co.utils.instantiators][INFO] - Instantiating callback <lightning.pytorch.callbacks.RichProgressBar>
[2026-09-12 09:09:11,349][rl4co.utils.instantiators][INFO] - Instantiating callback <rl4co.utils.callbacks.speed_monitor.SpeedMonitor>
[2026-09-12 09:09:11,351][rl4co.utils.instantiators][INFO] - Instantiating callback <lightning.pytorch.callbacks.LearningRateMonitor>
[2026-09-12 09:09:11,352][__main__][INFO] - Instantiating loggers...
[2026-09-12 09:09:11,352][rl4co.utils.instantiators][INFO] - Instantiating logger <lightning.pytorch.loggers.wandb.WandbLogger>
[2026-09-12 09:09:11,358][__main__][INFO] - Instantiating trainer...
[2026-09-12 09:09:11,387][__main__][INFO] - Logging hyperparameters!
[2026-09-12 09:09:13,768][__main__][INFO] - Starting training!
[2026-09-12 09:09:14,958][rl4co.models.rl.common.base][INFO] - Setting up batch sizes for train/val/test
[2026-09-12 09:09:14,959][rl4co.models.rl.common.base][INFO] - Setting up datasets
[2026-09-12 09:09:16,860][rl4co.envs.common.base][INFO] - Loading val dataset from ['/home/athota/parco/data/hcvrp/n60_m3_seed24610.npz', '/home/athota/parco/data/hcvrp/n60_m5_seed24610.npz', '/home/athota/parco/data/hcvrp/n60_m7_seed24610.npz', '/home/athota/parco/data/hcvrp/n80_m3_seed24610.npz', '/home/athota/parco/data/hcvrp/n80_m5_seed24610.npz', '/home/athota/parco/data/hcvrp/n80_m7_seed24610.npz', '/home/athota/parco/data/hcvrp/n100_m3_seed24610.npz', '/home/athota/parco/data/hcvrp/n100_m5_seed24610.npz', '/home/athota/parco/data/hcvrp/n100_m7_seed24610.npz']
[2026-09-12 09:09:17,293][rl4co.envs.common.base][INFO] - Loading test dataset from ['/home/athota/parco/data/hcvrp/n60_m3_seed24610.npz', '/home/athota/parco/data/hcvrp/n60_m5_seed24610.npz', '/home/athota/parco/data/hcvrp/n60_m7_seed24610.npz', '/home/athota/parco/data/hcvrp/n80_m3_seed24610.npz', '/home/athota/parco/data/hcvrp/n80_m5_seed24610.npz', '/home/athota/parco/data/hcvrp/n80_m7_seed24610.npz', '/home/athota/parco/data/hcvrp/n100_m3_seed24610.npz', '/home/athota/parco/data/hcvrp/n100_m5_seed24610.npz', '/home/athota/parco/data/hcvrp/n100_m7_seed24610.npz']
[2026-09-12 09:09:17,458][rl4co.models.rl.common.base][INFO] - Instantiating optimizer <Adam>
[2026-09-12 09:09:17,459][rl4co.models.rl.common.base][INFO] - Instantiating LR scheduler <MultiStepLR>
[2026-09-12 09:21:28,137][rl4co.models.rl.common.base][INFO] - Generating training dataset for next epoch...
[2026-09-12 09:33:17,798][rl4co.models.rl.common.base][INFO] - Generating training dataset for next epoch...
[2026-09-12 09:46:14,751][rl4co.models.rl.common.base][INFO] - Generating training dataset for next epoch...
[2026-09-12 09:58:52,181][rl4co.models.rl.common.base][INFO] - Generating training dataset for next epoch...
[2026-09-12 10:11:48,405][rl4co.models.rl.common.base][INFO] - Generating training dataset for next epoch...
[2026-09-12 10:24:11,593][rl4co.models.rl.common.base][INFO] - Generating training dataset for next epoch...
[2026-09-12 10:37:13,761][rl4co.models.rl.common.base][INFO] - Generating training dataset for next epoch...
[2026-09-12 10:50:16,834][rl4co.models.rl.common.base][INFO] - Generating training dataset for next epoch...
[2026-09-12 11:03:11,242][rl4co.models.rl.common.base][INFO] - Generating training dataset for next epoch...
[2026-09-12 11:16:06,519][rl4co.models.rl.common.base][INFO] - Generating training dataset for next epoch...
[2026-09-12 11:28:56,239][rl4co.models.rl.common.base][INFO] - Generating training dataset for next epoch...
[2026-09-12 11:42:25,948][rl4co.models.rl.common.base][INFO] - Generating training dataset for next epoch...
[2026-09-12 11:55:46,471][rl4co.models.rl.common.base][INFO] - Generating training dataset for next epoch...
[2026-09-12 12:08:53,625][rl4co.models.rl.common.base][INFO] - Generating training dataset for next epoch...
[2026-09-12 12:21:51,398][rl4co.models.rl.common.base][INFO] - Generating training dataset for next epoch...
[2026-09-12 12:34:55,962][rl4co.models.rl.common.base][INFO] - Generating training dataset for next epoch...
[2026-09-12 12:48:20,149][rl4co.models.rl.common.base][INFO] - Generating training dataset for next epoch...
[2026-09-12 13:01:59,407][rl4co.models.rl.common.base][INFO] - Generating training dataset for next epoch...
[2026-09-12 13:16:08,921][rl4co.models.rl.common.base][INFO] - Generating training dataset for next epoch...
[2026-09-12 13:29:48,387][rl4co.models.rl.common.base][INFO] - Generating training dataset for next epoch...
[2026-09-12 13:42:59,941][rl4co.models.rl.common.base][INFO] - Generating training dataset for next epoch...
[2026-09-12 13:55:57,934][rl4co.models.rl.common.base][INFO] - Generating training dataset for next epoch...
[2026-09-12 14:09:37,126][rl4co.models.rl.common.base][INFO] - Generating training dataset for next epoch...
[2026-09-12 14:23:19,379][rl4co.models.rl.common.base][INFO] - Generating training dataset for next epoch...
[2026-09-12 14:36:42,139][rl4co.models.rl.common.base][INFO] - Generating training dataset for next epoch...
[2026-09-12 14:50:03,262][rl4co.models.rl.common.base][INFO] - Generating training dataset for next epoch...
[2026-09-12 15:03:20,953][rl4co.models.rl.common.base][INFO] - Generating training dataset for next epoch...
[2026-09-12 15:17:29,330][rl4co.models.rl.common.base][INFO] - Generating training dataset for next epoch...
[2026-09-12 15:31:10,455][rl4co.models.rl.common.base][INFO] - Generating training dataset for next epoch...
[2026-09-12 15:45:55,621][rl4co.models.rl.common.base][INFO] - Generating training dataset for next epoch...
[2026-09-12 16:00:21,299][rl4co.models.rl.common.base][INFO] - Generating training dataset for next epoch...
[2026-09-12 16:14:03,524][rl4co.models.rl.common.base][INFO] - Generating training dataset for next epoch...
[2026-09-12 16:27:15,638][rl4co.models.rl.common.base][INFO] - Generating training dataset for next epoch...
[2026-09-12 16:41:14,336][rl4co.models.rl.common.base][INFO] - Generating training dataset for next epoch...
[2026-09-12 16:55:10,864][rl4co.models.rl.common.base][INFO] - Generating training dataset for next epoch...
[2026-09-12 17:09:16,920][rl4co.models.rl.common.base][INFO] - Generating training dataset for next epoch...
[2026-09-12 17:23:39,010][rl4co.models.rl.common.base][INFO] - Generating training dataset for next epoch...
[2026-09-12 17:37:41,167][rl4co.models.rl.common.base][INFO] - Generating training dataset for next epoch...
[2026-09-12 17:51:25,267][rl4co.models.rl.common.base][INFO] - Generating training dataset for next epoch...
[2026-09-12 18:04:10,132][rl4co.models.rl.common.base][INFO] - Generating training dataset for next epoch...
[2026-09-12 18:17:43,522][rl4co.models.rl.common.base][INFO] - Generating training dataset for next epoch...
[2026-09-12 18:31:33,068][rl4co.models.rl.common.base][INFO] - Generating training dataset for next epoch...
[2026-09-12 18:45:23,303][rl4co.models.rl.common.base][INFO] - Generating training dataset for next epoch...
[2026-09-12 18:59:42,619][rl4co.models.rl.common.base][INFO] - Generating training dataset for next epoch...
[2026-09-12 19:13:29,481][rl4co.models.rl.common.base][INFO] - Generating training dataset for next epoch...
[2026-09-12 19:27:56,353][rl4co.models.rl.common.base][INFO] - Generating training dataset for next epoch...
[2026-09-12 19:41:17,955][rl4co.models.rl.common.base][INFO] - Generating training dataset for next epoch...
[2026-09-12 19:54:34,700][rl4co.models.rl.common.base][INFO] - Generating training dataset for next epoch...
[2026-09-12 20:08:00,820][rl4co.models.rl.common.base][INFO] - Generating training dataset for next epoch...
[2026-09-12 20:21:58,267][rl4co.models.rl.common.base][INFO] - Generating training dataset for next epoch...
[2026-09-12 20:35:38,841][rl4co.models.rl.common.base][INFO] - Generating training dataset for next epoch...
[2026-09-12 20:49:29,986][rl4co.models.rl.common.base][INFO] - Generating training dataset for next epoch...
[2026-09-12 21:03:42,176][rl4co.models.rl.common.base][INFO] - Generating training dataset for next epoch...
[2026-09-12 21:18:26,726][rl4co.models.rl.common.base][INFO] - Generating training dataset for next epoch...
[2026-09-12 21:33:22,591][rl4co.models.rl.common.base][INFO] - Generating training dataset for next epoch...
[2026-09-12 21:47:46,546][rl4co.models.rl.common.base][INFO] - Generating training dataset for next epoch...
[2026-09-12 22:02:49,093][rl4co.models.rl.common.base][INFO] - Generating training dataset for next epoch...
[2026-09-12 22:17:10,833][rl4co.models.rl.common.base][INFO] - Generating training dataset for next epoch...
[2026-09-12 22:31:19,634][rl4co.models.rl.common.base][INFO] - Generating training dataset for next epoch...
[2026-09-12 22:45:41,780][rl4co.models.rl.common.base][INFO] - Generating training dataset for next epoch...
[2026-09-12 22:59:32,069][rl4co.models.rl.common.base][INFO] - Generating training dataset for next epoch...
[2026-09-12 23:14:24,857][rl4co.models.rl.common.base][INFO] - Generating training dataset for next epoch...
[2026-09-12 23:29:00,415][rl4co.models.rl.common.base][INFO] - Generating training dataset for next epoch...
[2026-09-12 23:43:12,220][rl4co.models.rl.common.base][INFO] - Generating training dataset for next epoch...
[2026-09-12 23:56:31,334][rl4co.models.rl.common.base][INFO] - Generating training dataset for next epoch...
[2026-09-13 00:11:15,750][rl4co.models.rl.common.base][INFO] - Generating training dataset for next epoch...
[2026-09-13 00:25:47,615][rl4co.models.rl.common.base][INFO] - Generating training dataset for next epoch...
[2026-09-13 00:39:53,824][rl4co.models.rl.common.base][INFO] - Generating training dataset for next epoch...
[2026-09-13 00:54:06,096][rl4co.models.rl.common.base][INFO] - Generating training dataset for next epoch...
[2026-09-13 01:08:06,720][rl4co.models.rl.common.base][INFO] - Generating training dataset for next epoch...
[2026-09-13 01:21:47,114][rl4co.models.rl.common.base][INFO] - Generating training dataset for next epoch...
[2026-09-13 01:35:23,139][rl4co.models.rl.common.base][INFO] - Generating training dataset for next epoch...
[2026-09-13 01:49:00,393][rl4co.models.rl.common.base][INFO] - Generating training dataset for next epoch...
[2026-09-13 02:02:54,120][rl4co.models.rl.common.base][INFO] - Generating training dataset for next epoch...
[2026-09-13 02:16:56,084][rl4co.models.rl.common.base][INFO] - Generating training dataset for next epoch...
[2026-09-13 02:30:38,265][rl4co.models.rl.common.base][INFO] - Generating training dataset for next epoch...
[2026-09-13 02:44:55,052][rl4co.models.rl.common.base][INFO] - Generating training dataset for next epoch...
[2026-09-13 02:59:08,140][rl4co.models.rl.common.base][INFO] - Generating training dataset for next epoch...
[2026-09-13 03:12:57,089][rl4co.models.rl.common.base][INFO] - Generating training dataset for next epoch...
[2026-09-13 03:26:38,256][rl4co.models.rl.common.base][INFO] - Generating training dataset for next epoch...
[2026-09-13 03:41:31,175][rl4co.models.rl.common.base][INFO] - Generating training dataset for next epoch...
[2026-09-13 03:56:06,412][rl4co.models.rl.common.base][INFO] - Generating training dataset for next epoch...
[2026-09-13 04:10:59,985][rl4co.models.rl.common.base][INFO] - Generating training dataset for next epoch...
[2026-09-13 04:25:26,606][rl4co.models.rl.common.base][INFO] - Generating training dataset for next epoch...
[2026-09-13 04:39:42,666][rl4co.models.rl.common.base][INFO] - Generating training dataset for next epoch...
[2026-09-13 04:54:27,297][rl4co.models.rl.common.base][INFO] - Generating training dataset for next epoch...
[2026-09-13 05:09:36,449][rl4co.models.rl.common.base][INFO] - Generating training dataset for next epoch...
[2026-09-13 05:24:38,828][rl4co.models.rl.common.base][INFO] - Generating training dataset for next epoch...
[2026-09-13 05:39:44,207][rl4co.models.rl.common.base][INFO] - Generating training dataset for next epoch...
[2026-09-13 05:54:31,757][rl4co.models.rl.common.base][INFO] - Generating training dataset for next epoch...
[2026-09-13 06:09:20,463][rl4co.models.rl.common.base][INFO] - Generating training dataset for next epoch...
[2026-09-13 06:24:18,848][rl4co.models.rl.common.base][INFO] - Generating training dataset for next epoch...
[2026-09-13 06:39:11,145][rl4co.models.rl.common.base][INFO] - Generating training dataset for next epoch...
[2026-09-13 06:54:03,797][rl4co.models.rl.common.base][INFO] - Generating training dataset for next epoch...
[2026-09-13 07:08:58,752][rl4co.models.rl.common.base][INFO] - Generating training dataset for next epoch...
[2026-09-13 07:24:04,708][rl4co.models.rl.common.base][INFO] - Generating training dataset for next epoch...
[2026-09-13 07:39:13,430][rl4co.models.rl.common.base][INFO] - Generating training dataset for next epoch...
[2026-09-13 07:54:09,603][rl4co.models.rl.common.base][INFO] - Generating training dataset for next epoch...
[2026-09-13 08:09:15,190][rl4co.models.rl.common.base][INFO] - Generating training dataset for next epoch...
[2026-09-13 08:24:17,069][__main__][INFO] - Starting testing!
[2026-09-13 08:24:17,116][rl4co.models.rl.common.base][INFO] - Setting up batch sizes for train/val/test
[2026-09-13 08:24:17,117][rl4co.models.rl.common.base][INFO] - Setting up datasets
[2026-09-13 08:24:19,467][rl4co.envs.common.base][INFO] - Loading val dataset from ['/home/athota/parco/data/hcvrp/n60_m3_seed24610.npz', '/home/athota/parco/data/hcvrp/n60_m5_seed24610.npz', '/home/athota/parco/data/hcvrp/n60_m7_seed24610.npz', '/home/athota/parco/data/hcvrp/n80_m3_seed24610.npz', '/home/athota/parco/data/hcvrp/n80_m5_seed24610.npz', '/home/athota/parco/data/hcvrp/n80_m7_seed24610.npz', '/home/athota/parco/data/hcvrp/n100_m3_seed24610.npz', '/home/athota/parco/data/hcvrp/n100_m5_seed24610.npz', '/home/athota/parco/data/hcvrp/n100_m7_seed24610.npz']
[2026-09-13 08:24:19,615][rl4co.envs.common.base][INFO] - Loading test dataset from ['/home/athota/parco/data/hcvrp/n60_m3_seed24610.npz', '/home/athota/parco/data/hcvrp/n60_m5_seed24610.npz', '/home/athota/parco/data/hcvrp/n60_m7_seed24610.npz', '/home/athota/parco/data/hcvrp/n80_m3_seed24610.npz', '/home/athota/parco/data/hcvrp/n80_m5_seed24610.npz', '/home/athota/parco/data/hcvrp/n80_m7_seed24610.npz', '/home/athota/parco/data/hcvrp/n100_m3_seed24610.npz', '/home/athota/parco/data/hcvrp/n100_m5_seed24610.npz', '/home/athota/parco/data/hcvrp/n100_m7_seed24610.npz']
[2026-09-13 08:27:44,278][__main__][INFO] - Best ckpt path: /home/athota/parco/logs/train/runs/hcvrp_n100_m7/parco_joint/2026-09-12_09-09-10/checkpoints/epoch_089.ckpt
[2026-09-13 08:27:44,279][rl4co.utils.utils][INFO] - Output dir: /home/athota/parco/logs/train/runs/hcvrp_n100_m7/parco_joint/2026-09-12_09-09-10
[2026-09-13 08:27:44,279][rl4co.utils.utils][INFO] - Closing loggers...
[2026-09-13 08:27:44,280][rl4co.utils.utils][INFO] - Closing wandb!
[2026-09-13 08:27:44,288][rl4co.utils.utils][INFO] - Metric name is None! Skipping metric value retrieval...
